Archive member included to satisfy reference by file (symbol)

/Users/lost_echo/Programming/stm32/gcc-arm-none-eabi-5_4-2016q3/bin/../lib/gcc/arm-none-eabi/5.4.1/../../../../arm-none-eabi/lib/armv7-m/libg.a(lib_a-errno.o)
                              CMakeFiles/led_test.elf.dir/Core/Src/syscalls.c.obj (__errno)
/Users/lost_echo/Programming/stm32/gcc-arm-none-eabi-5_4-2016q3/bin/../lib/gcc/arm-none-eabi/5.4.1/../../../../arm-none-eabi/lib/armv7-m/libg.a(lib_a-exit.o)
                              /Users/lost_echo/Programming/stm32/gcc-arm-none-eabi-5_4-2016q3/bin/../lib/gcc/arm-none-eabi/5.4.1/../../../../arm-none-eabi/lib/armv7-m/crt0.o (exit)
/Users/lost_echo/Programming/stm32/gcc-arm-none-eabi-5_4-2016q3/bin/../lib/gcc/arm-none-eabi/5.4.1/../../../../arm-none-eabi/lib/armv7-m/libg.a(lib_a-impure.o)
                              /Users/lost_echo/Programming/stm32/gcc-arm-none-eabi-5_4-2016q3/bin/../lib/gcc/arm-none-eabi/5.4.1/../../../../arm-none-eabi/lib/armv7-m/libg.a(lib_a-exit.o) (_global_impure_ptr)
/Users/lost_echo/Programming/stm32/gcc-arm-none-eabi-5_4-2016q3/bin/../lib/gcc/arm-none-eabi/5.4.1/../../../../arm-none-eabi/lib/armv7-m/libg.a(lib_a-init.o)
                              /Users/lost_echo/Programming/stm32/gcc-arm-none-eabi-5_4-2016q3/bin/../lib/gcc/arm-none-eabi/5.4.1/../../../../arm-none-eabi/lib/armv7-m/crt0.o (__libc_init_array)
/Users/lost_echo/Programming/stm32/gcc-arm-none-eabi-5_4-2016q3/bin/../lib/gcc/arm-none-eabi/5.4.1/../../../../arm-none-eabi/lib/armv7-m/libg.a(lib_a-memset.o)
                              /Users/lost_echo/Programming/stm32/gcc-arm-none-eabi-5_4-2016q3/bin/../lib/gcc/arm-none-eabi/5.4.1/../../../../arm-none-eabi/lib/armv7-m/crt0.o (memset)
/Users/lost_echo/Programming/stm32/gcc-arm-none-eabi-5_4-2016q3/bin/../lib/gcc/arm-none-eabi/5.4.1/../../../../arm-none-eabi/lib/armv7-m/libg.a(lib_a-__call_atexit.o)
                              /Users/lost_echo/Programming/stm32/gcc-arm-none-eabi-5_4-2016q3/bin/../lib/gcc/arm-none-eabi/5.4.1/../../../../arm-none-eabi/lib/armv7-m/libg.a(lib_a-exit.o) (__call_exitprocs)
/Users/lost_echo/Programming/stm32/gcc-arm-none-eabi-5_4-2016q3/bin/../lib/gcc/arm-none-eabi/5.4.1/../../../../arm-none-eabi/lib/armv7-m/libg.a(lib_a-atexit.o)
                              /Users/lost_echo/Programming/stm32/gcc-arm-none-eabi-5_4-2016q3/bin/../lib/gcc/arm-none-eabi/5.4.1/../../../../arm-none-eabi/lib/armv7-m/libg.a(lib_a-__call_atexit.o) (atexit)
/Users/lost_echo/Programming/stm32/gcc-arm-none-eabi-5_4-2016q3/bin/../lib/gcc/arm-none-eabi/5.4.1/../../../../arm-none-eabi/lib/armv7-m/libg.a(lib_a-fini.o)
                              /Users/lost_echo/Programming/stm32/gcc-arm-none-eabi-5_4-2016q3/bin/../lib/gcc/arm-none-eabi/5.4.1/../../../../arm-none-eabi/lib/armv7-m/libg.a(lib_a-__call_atexit.o) (__libc_fini_array)
/Users/lost_echo/Programming/stm32/gcc-arm-none-eabi-5_4-2016q3/bin/../lib/gcc/arm-none-eabi/5.4.1/../../../../arm-none-eabi/lib/armv7-m/libg.a(lib_a-__atexit.o)
                              /Users/lost_echo/Programming/stm32/gcc-arm-none-eabi-5_4-2016q3/bin/../lib/gcc/arm-none-eabi/5.4.1/../../../../arm-none-eabi/lib/armv7-m/libg.a(lib_a-atexit.o) (__register_exitproc)

Discarded input sections

 .text          0x0000000000000000        0x0 /Users/lost_echo/Programming/stm32/gcc-arm-none-eabi-5_4-2016q3/bin/../lib/gcc/arm-none-eabi/5.4.1/armv7-m/crti.o
 .data          0x0000000000000000        0x0 /Users/lost_echo/Programming/stm32/gcc-arm-none-eabi-5_4-2016q3/bin/../lib/gcc/arm-none-eabi/5.4.1/armv7-m/crti.o
 .bss           0x0000000000000000        0x0 /Users/lost_echo/Programming/stm32/gcc-arm-none-eabi-5_4-2016q3/bin/../lib/gcc/arm-none-eabi/5.4.1/armv7-m/crti.o
 .data          0x0000000000000000        0x4 /Users/lost_echo/Programming/stm32/gcc-arm-none-eabi-5_4-2016q3/bin/../lib/gcc/arm-none-eabi/5.4.1/armv7-m/crtbegin.o
 .text          0x0000000000000000       0x74 /Users/lost_echo/Programming/stm32/gcc-arm-none-eabi-5_4-2016q3/bin/../lib/gcc/arm-none-eabi/5.4.1/../../../../arm-none-eabi/lib/armv7-m/crt0.o
 .data          0x0000000000000000        0x0 /Users/lost_echo/Programming/stm32/gcc-arm-none-eabi-5_4-2016q3/bin/../lib/gcc/arm-none-eabi/5.4.1/../../../../arm-none-eabi/lib/armv7-m/crt0.o
 .bss           0x0000000000000000        0x0 /Users/lost_echo/Programming/stm32/gcc-arm-none-eabi-5_4-2016q3/bin/../lib/gcc/arm-none-eabi/5.4.1/../../../../arm-none-eabi/lib/armv7-m/crt0.o
 .ARM.extab     0x0000000000000000        0x0 /Users/lost_echo/Programming/stm32/gcc-arm-none-eabi-5_4-2016q3/bin/../lib/gcc/arm-none-eabi/5.4.1/../../../../arm-none-eabi/lib/armv7-m/crt0.o
 .ARM.exidx     0x0000000000000000        0x8 /Users/lost_echo/Programming/stm32/gcc-arm-none-eabi-5_4-2016q3/bin/../lib/gcc/arm-none-eabi/5.4.1/../../../../arm-none-eabi/lib/armv7-m/crt0.o
 .ARM.attributes
                0x0000000000000000       0x1b /Users/lost_echo/Programming/stm32/gcc-arm-none-eabi-5_4-2016q3/bin/../lib/gcc/arm-none-eabi/5.4.1/../../../../arm-none-eabi/lib/armv7-m/crt0.o
 .text          0x0000000000000000        0x0 CMakeFiles/led_test.elf.dir/Core/Src/main.c.obj
 .data          0x0000000000000000        0x0 CMakeFiles/led_test.elf.dir/Core/Src/main.c.obj
 .bss           0x0000000000000000        0x0 CMakeFiles/led_test.elf.dir/Core/Src/main.c.obj
 .text          0x0000000000000000        0x0 CMakeFiles/led_test.elf.dir/Core/Src/stm32f1xx_hal_msp.c.obj
 .data          0x0000000000000000        0x0 CMakeFiles/led_test.elf.dir/Core/Src/stm32f1xx_hal_msp.c.obj
 .bss           0x0000000000000000        0x0 CMakeFiles/led_test.elf.dir/Core/Src/stm32f1xx_hal_msp.c.obj
 .text          0x0000000000000000        0x0 CMakeFiles/led_test.elf.dir/Core/Src/stm32f1xx_it.c.obj
 .data          0x0000000000000000        0x0 CMakeFiles/led_test.elf.dir/Core/Src/stm32f1xx_it.c.obj
 .bss           0x0000000000000000        0x0 CMakeFiles/led_test.elf.dir/Core/Src/stm32f1xx_it.c.obj
 .text          0x0000000000000000        0x0 CMakeFiles/led_test.elf.dir/Core/Src/syscalls.c.obj
 .data          0x0000000000000000        0x0 CMakeFiles/led_test.elf.dir/Core/Src/syscalls.c.obj
 .bss           0x0000000000000000        0x0 CMakeFiles/led_test.elf.dir/Core/Src/syscalls.c.obj
 .text.initialise_monitor_handles
                0x0000000000000000        0x4 CMakeFiles/led_test.elf.dir/Core/Src/syscalls.c.obj
 .text._getpid  0x0000000000000000        0x4 CMakeFiles/led_test.elf.dir/Core/Src/syscalls.c.obj
 .text._kill    0x0000000000000000       0x10 CMakeFiles/led_test.elf.dir/Core/Src/syscalls.c.obj
 .text._exit    0x0000000000000000        0xc CMakeFiles/led_test.elf.dir/Core/Src/syscalls.c.obj
 .text._read    0x0000000000000000       0x20 CMakeFiles/led_test.elf.dir/Core/Src/syscalls.c.obj
 .text._write   0x0000000000000000       0x1c CMakeFiles/led_test.elf.dir/Core/Src/syscalls.c.obj
 .text._sbrk    0x0000000000000000       0x38 CMakeFiles/led_test.elf.dir/Core/Src/syscalls.c.obj
 .text._close   0x0000000000000000        0x8 CMakeFiles/led_test.elf.dir/Core/Src/syscalls.c.obj
 .text._fstat   0x0000000000000000        0xc CMakeFiles/led_test.elf.dir/Core/Src/syscalls.c.obj
 .text._isatty  0x0000000000000000        0x4 CMakeFiles/led_test.elf.dir/Core/Src/syscalls.c.obj
 .text._lseek   0x0000000000000000        0x4 CMakeFiles/led_test.elf.dir/Core/Src/syscalls.c.obj
 .text._open    0x0000000000000000        0xc CMakeFiles/led_test.elf.dir/Core/Src/syscalls.c.obj
 .text._wait    0x0000000000000000       0x10 CMakeFiles/led_test.elf.dir/Core/Src/syscalls.c.obj
 .text._unlink  0x0000000000000000       0x10 CMakeFiles/led_test.elf.dir/Core/Src/syscalls.c.obj
 .text._times   0x0000000000000000        0x8 CMakeFiles/led_test.elf.dir/Core/Src/syscalls.c.obj
 .text._stat    0x0000000000000000        0xc CMakeFiles/led_test.elf.dir/Core/Src/syscalls.c.obj
 .text._link    0x0000000000000000       0x10 CMakeFiles/led_test.elf.dir/Core/Src/syscalls.c.obj
 .text._fork    0x0000000000000000       0x10 CMakeFiles/led_test.elf.dir/Core/Src/syscalls.c.obj
 .text._execve  0x0000000000000000       0x10 CMakeFiles/led_test.elf.dir/Core/Src/syscalls.c.obj
 .bss.__env     0x0000000000000000        0x4 CMakeFiles/led_test.elf.dir/Core/Src/syscalls.c.obj
 .data.environ  0x0000000000000000        0x4 CMakeFiles/led_test.elf.dir/Core/Src/syscalls.c.obj
 .bss.heap_end.5927
                0x0000000000000000        0x4 CMakeFiles/led_test.elf.dir/Core/Src/syscalls.c.obj
 .debug_info    0x0000000000000000      0x76b CMakeFiles/led_test.elf.dir/Core/Src/syscalls.c.obj
 .debug_abbrev  0x0000000000000000      0x19e CMakeFiles/led_test.elf.dir/Core/Src/syscalls.c.obj
 .debug_loc     0x0000000000000000      0x3a2 CMakeFiles/led_test.elf.dir/Core/Src/syscalls.c.obj
 .debug_aranges
                0x0000000000000000       0xb0 CMakeFiles/led_test.elf.dir/Core/Src/syscalls.c.obj
 .debug_ranges  0x0000000000000000       0xa0 CMakeFiles/led_test.elf.dir/Core/Src/syscalls.c.obj
 .debug_line    0x0000000000000000      0x2e9 CMakeFiles/led_test.elf.dir/Core/Src/syscalls.c.obj
 .debug_str     0x0000000000000000      0x471 CMakeFiles/led_test.elf.dir/Core/Src/syscalls.c.obj
 .comment       0x0000000000000000       0x6f CMakeFiles/led_test.elf.dir/Core/Src/syscalls.c.obj
 .debug_frame   0x0000000000000000      0x1ac CMakeFiles/led_test.elf.dir/Core/Src/syscalls.c.obj
 .ARM.attributes
                0x0000000000000000       0x33 CMakeFiles/led_test.elf.dir/Core/Src/syscalls.c.obj
 .text          0x0000000000000000        0x0 CMakeFiles/led_test.elf.dir/Core/Src/system_stm32f1xx.c.obj
 .data          0x0000000000000000        0x0 CMakeFiles/led_test.elf.dir/Core/Src/system_stm32f1xx.c.obj
 .bss           0x0000000000000000        0x0 CMakeFiles/led_test.elf.dir/Core/Src/system_stm32f1xx.c.obj
 .text.SystemCoreClockUpdate
                0x0000000000000000       0x94 CMakeFiles/led_test.elf.dir/Core/Src/system_stm32f1xx.c.obj
 .rodata.APBPrescTable
                0x0000000000000000        0x8 CMakeFiles/led_test.elf.dir/Core/Src/system_stm32f1xx.c.obj
 .text          0x0000000000000000        0x0 CMakeFiles/led_test.elf.dir/Drivers/STM32F1xx_HAL_Driver/Src/stm32f1xx_hal.c.obj
 .data          0x0000000000000000        0x0 CMakeFiles/led_test.elf.dir/Drivers/STM32F1xx_HAL_Driver/Src/stm32f1xx_hal.c.obj
 .bss           0x0000000000000000        0x0 CMakeFiles/led_test.elf.dir/Drivers/STM32F1xx_HAL_Driver/Src/stm32f1xx_hal.c.obj
 .text.HAL_MspInit
                0x0000000000000000        0x4 CMakeFiles/led_test.elf.dir/Drivers/STM32F1xx_HAL_Driver/Src/stm32f1xx_hal.c.obj
 .text.HAL_MspDeInit
                0x0000000000000000        0x4 CMakeFiles/led_test.elf.dir/Drivers/STM32F1xx_HAL_Driver/Src/stm32f1xx_hal.c.obj
 .text.HAL_DeInit
                0x0000000000000000       0x20 CMakeFiles/led_test.elf.dir/Drivers/STM32F1xx_HAL_Driver/Src/stm32f1xx_hal.c.obj
 .text.HAL_GetTickPrio
                0x0000000000000000        0xc CMakeFiles/led_test.elf.dir/Drivers/STM32F1xx_HAL_Driver/Src/stm32f1xx_hal.c.obj
 .text.HAL_SetTickFreq
                0x0000000000000000       0x2c CMakeFiles/led_test.elf.dir/Drivers/STM32F1xx_HAL_Driver/Src/stm32f1xx_hal.c.obj
 .text.HAL_GetTickFreq
                0x0000000000000000        0xc CMakeFiles/led_test.elf.dir/Drivers/STM32F1xx_HAL_Driver/Src/stm32f1xx_hal.c.obj
 .text.HAL_SuspendTick
                0x0000000000000000       0x10 CMakeFiles/led_test.elf.dir/Drivers/STM32F1xx_HAL_Driver/Src/stm32f1xx_hal.c.obj
 .text.HAL_ResumeTick
                0x0000000000000000       0x10 CMakeFiles/led_test.elf.dir/Drivers/STM32F1xx_HAL_Driver/Src/stm32f1xx_hal.c.obj
 .text.HAL_GetHalVersion
                0x0000000000000000        0x8 CMakeFiles/led_test.elf.dir/Drivers/STM32F1xx_HAL_Driver/Src/stm32f1xx_hal.c.obj
 .text.HAL_GetREVID
                0x0000000000000000        0xc CMakeFiles/led_test.elf.dir/Drivers/STM32F1xx_HAL_Driver/Src/stm32f1xx_hal.c.obj
 .text.HAL_GetDEVID
                0x0000000000000000       0x10 CMakeFiles/led_test.elf.dir/Drivers/STM32F1xx_HAL_Driver/Src/stm32f1xx_hal.c.obj
 .text.HAL_GetUIDw0
                0x0000000000000000        0xc CMakeFiles/led_test.elf.dir/Drivers/STM32F1xx_HAL_Driver/Src/stm32f1xx_hal.c.obj
 .text.HAL_GetUIDw1
                0x0000000000000000        0xc CMakeFiles/led_test.elf.dir/Drivers/STM32F1xx_HAL_Driver/Src/stm32f1xx_hal.c.obj
 .text.HAL_GetUIDw2
                0x0000000000000000        0xc CMakeFiles/led_test.elf.dir/Drivers/STM32F1xx_HAL_Driver/Src/stm32f1xx_hal.c.obj
 .text.HAL_DBGMCU_EnableDBGSleepMode
                0x0000000000000000       0x10 CMakeFiles/led_test.elf.dir/Drivers/STM32F1xx_HAL_Driver/Src/stm32f1xx_hal.c.obj
 .text.HAL_DBGMCU_DisableDBGSleepMode
                0x0000000000000000       0x10 CMakeFiles/led_test.elf.dir/Drivers/STM32F1xx_HAL_Driver/Src/stm32f1xx_hal.c.obj
 .text.HAL_DBGMCU_EnableDBGStopMode
                0x0000000000000000       0x10 CMakeFiles/led_test.elf.dir/Drivers/STM32F1xx_HAL_Driver/Src/stm32f1xx_hal.c.obj
 .text.HAL_DBGMCU_DisableDBGStopMode
                0x0000000000000000       0x10 CMakeFiles/led_test.elf.dir/Drivers/STM32F1xx_HAL_Driver/Src/stm32f1xx_hal.c.obj
 .text.HAL_DBGMCU_EnableDBGStandbyMode
                0x0000000000000000       0x10 CMakeFiles/led_test.elf.dir/Drivers/STM32F1xx_HAL_Driver/Src/stm32f1xx_hal.c.obj
 .text.HAL_DBGMCU_DisableDBGStandbyMode
                0x0000000000000000       0x10 CMakeFiles/led_test.elf.dir/Drivers/STM32F1xx_HAL_Driver/Src/stm32f1xx_hal.c.obj
 .text          0x0000000000000000        0x0 CMakeFiles/led_test.elf.dir/Drivers/STM32F1xx_HAL_Driver/Src/stm32f1xx_hal_cortex.c.obj
 .data          0x0000000000000000        0x0 CMakeFiles/led_test.elf.dir/Drivers/STM32F1xx_HAL_Driver/Src/stm32f1xx_hal_cortex.c.obj
 .bss           0x0000000000000000        0x0 CMakeFiles/led_test.elf.dir/Drivers/STM32F1xx_HAL_Driver/Src/stm32f1xx_hal_cortex.c.obj
 .text.HAL_NVIC_EnableIRQ
                0x0000000000000000       0x1c CMakeFiles/led_test.elf.dir/Drivers/STM32F1xx_HAL_Driver/Src/stm32f1xx_hal_cortex.c.obj
 .text.HAL_NVIC_DisableIRQ
                0x0000000000000000       0x28 CMakeFiles/led_test.elf.dir/Drivers/STM32F1xx_HAL_Driver/Src/stm32f1xx_hal_cortex.c.obj
 .text.HAL_NVIC_SystemReset
                0x0000000000000000       0x24 CMakeFiles/led_test.elf.dir/Drivers/STM32F1xx_HAL_Driver/Src/stm32f1xx_hal_cortex.c.obj
 .text.HAL_NVIC_GetPriorityGrouping
                0x0000000000000000       0x10 CMakeFiles/led_test.elf.dir/Drivers/STM32F1xx_HAL_Driver/Src/stm32f1xx_hal_cortex.c.obj
 .text.HAL_NVIC_GetPriority
                0x0000000000000000       0x5c CMakeFiles/led_test.elf.dir/Drivers/STM32F1xx_HAL_Driver/Src/stm32f1xx_hal_cortex.c.obj
 .text.HAL_NVIC_SetPendingIRQ
                0x0000000000000000       0x20 CMakeFiles/led_test.elf.dir/Drivers/STM32F1xx_HAL_Driver/Src/stm32f1xx_hal_cortex.c.obj
 .text.HAL_NVIC_GetPendingIRQ
                0x0000000000000000       0x24 CMakeFiles/led_test.elf.dir/Drivers/STM32F1xx_HAL_Driver/Src/stm32f1xx_hal_cortex.c.obj
 .text.HAL_NVIC_ClearPendingIRQ
                0x0000000000000000       0x20 CMakeFiles/led_test.elf.dir/Drivers/STM32F1xx_HAL_Driver/Src/stm32f1xx_hal_cortex.c.obj
 .text.HAL_NVIC_GetActive
                0x0000000000000000       0x24 CMakeFiles/led_test.elf.dir/Drivers/STM32F1xx_HAL_Driver/Src/stm32f1xx_hal_cortex.c.obj
 .text.HAL_SYSTICK_CLKSourceConfig
                0x0000000000000000       0x20 CMakeFiles/led_test.elf.dir/Drivers/STM32F1xx_HAL_Driver/Src/stm32f1xx_hal_cortex.c.obj
 .text.HAL_SYSTICK_Callback
                0x0000000000000000        0x4 CMakeFiles/led_test.elf.dir/Drivers/STM32F1xx_HAL_Driver/Src/stm32f1xx_hal_cortex.c.obj
 .text.HAL_SYSTICK_IRQHandler
                0x0000000000000000        0x8 CMakeFiles/led_test.elf.dir/Drivers/STM32F1xx_HAL_Driver/Src/stm32f1xx_hal_cortex.c.obj
 .text          0x0000000000000000        0x0 CMakeFiles/led_test.elf.dir/Drivers/STM32F1xx_HAL_Driver/Src/stm32f1xx_hal_dma.c.obj
 .data          0x0000000000000000        0x0 CMakeFiles/led_test.elf.dir/Drivers/STM32F1xx_HAL_Driver/Src/stm32f1xx_hal_dma.c.obj
 .bss           0x0000000000000000        0x0 CMakeFiles/led_test.elf.dir/Drivers/STM32F1xx_HAL_Driver/Src/stm32f1xx_hal_dma.c.obj
 .text.DMA_SetConfig
                0x0000000000000000       0x2c CMakeFiles/led_test.elf.dir/Drivers/STM32F1xx_HAL_Driver/Src/stm32f1xx_hal_dma.c.obj
 .text.HAL_DMA_Init
                0x0000000000000000       0x9c CMakeFiles/led_test.elf.dir/Drivers/STM32F1xx_HAL_Driver/Src/stm32f1xx_hal_dma.c.obj
 .text.HAL_DMA_DeInit
                0x0000000000000000       0x90 CMakeFiles/led_test.elf.dir/Drivers/STM32F1xx_HAL_Driver/Src/stm32f1xx_hal_dma.c.obj
 .text.HAL_DMA_Start
                0x0000000000000000       0x50 CMakeFiles/led_test.elf.dir/Drivers/STM32F1xx_HAL_Driver/Src/stm32f1xx_hal_dma.c.obj
 .text.HAL_DMA_Start_IT
                0x0000000000000000       0x74 CMakeFiles/led_test.elf.dir/Drivers/STM32F1xx_HAL_Driver/Src/stm32f1xx_hal_dma.c.obj
 .text.HAL_DMA_Abort
                0x0000000000000000       0x44 CMakeFiles/led_test.elf.dir/Drivers/STM32F1xx_HAL_Driver/Src/stm32f1xx_hal_dma.c.obj
 .text.HAL_DMA_Abort_IT
                0x0000000000000000      0x168 CMakeFiles/led_test.elf.dir/Drivers/STM32F1xx_HAL_Driver/Src/stm32f1xx_hal_dma.c.obj
 .text.HAL_DMA_PollForTransfer
                0x0000000000000000      0x544 CMakeFiles/led_test.elf.dir/Drivers/STM32F1xx_HAL_Driver/Src/stm32f1xx_hal_dma.c.obj
 .text.HAL_DMA_IRQHandler
                0x0000000000000000      0x2e4 CMakeFiles/led_test.elf.dir/Drivers/STM32F1xx_HAL_Driver/Src/stm32f1xx_hal_dma.c.obj
 .text.HAL_DMA_RegisterCallback
                0x0000000000000000       0x50 CMakeFiles/led_test.elf.dir/Drivers/STM32F1xx_HAL_Driver/Src/stm32f1xx_hal_dma.c.obj
 .text.HAL_DMA_UnRegisterCallback
                0x0000000000000000       0x5c CMakeFiles/led_test.elf.dir/Drivers/STM32F1xx_HAL_Driver/Src/stm32f1xx_hal_dma.c.obj
 .text.HAL_DMA_GetState
                0x0000000000000000        0x8 CMakeFiles/led_test.elf.dir/Drivers/STM32F1xx_HAL_Driver/Src/stm32f1xx_hal_dma.c.obj
 .text.HAL_DMA_GetError
                0x0000000000000000        0x4 CMakeFiles/led_test.elf.dir/Drivers/STM32F1xx_HAL_Driver/Src/stm32f1xx_hal_dma.c.obj
 .debug_info    0x0000000000000000      0x7b3 CMakeFiles/led_test.elf.dir/Drivers/STM32F1xx_HAL_Driver/Src/stm32f1xx_hal_dma.c.obj
 .debug_abbrev  0x0000000000000000      0x1fc CMakeFiles/led_test.elf.dir/Drivers/STM32F1xx_HAL_Driver/Src/stm32f1xx_hal_dma.c.obj
 .debug_loc     0x0000000000000000      0x6ae CMakeFiles/led_test.elf.dir/Drivers/STM32F1xx_HAL_Driver/Src/stm32f1xx_hal_dma.c.obj
 .debug_aranges
                0x0000000000000000       0x80 CMakeFiles/led_test.elf.dir/Drivers/STM32F1xx_HAL_Driver/Src/stm32f1xx_hal_dma.c.obj
 .debug_ranges  0x0000000000000000       0x70 CMakeFiles/led_test.elf.dir/Drivers/STM32F1xx_HAL_Driver/Src/stm32f1xx_hal_dma.c.obj
 .debug_line    0x0000000000000000      0x856 CMakeFiles/led_test.elf.dir/Drivers/STM32F1xx_HAL_Driver/Src/stm32f1xx_hal_dma.c.obj
 .debug_str     0x0000000000000000      0x63a CMakeFiles/led_test.elf.dir/Drivers/STM32F1xx_HAL_Driver/Src/stm32f1xx_hal_dma.c.obj
 .comment       0x0000000000000000       0x6f CMakeFiles/led_test.elf.dir/Drivers/STM32F1xx_HAL_Driver/Src/stm32f1xx_hal_dma.c.obj
 .debug_frame   0x0000000000000000      0x140 CMakeFiles/led_test.elf.dir/Drivers/STM32F1xx_HAL_Driver/Src/stm32f1xx_hal_dma.c.obj
 .ARM.attributes
                0x0000000000000000       0x33 CMakeFiles/led_test.elf.dir/Drivers/STM32F1xx_HAL_Driver/Src/stm32f1xx_hal_dma.c.obj
 .text          0x0000000000000000        0x0 CMakeFiles/led_test.elf.dir/Drivers/STM32F1xx_HAL_Driver/Src/stm32f1xx_hal_exti.c.obj
 .data          0x0000000000000000        0x0 CMakeFiles/led_test.elf.dir/Drivers/STM32F1xx_HAL_Driver/Src/stm32f1xx_hal_exti.c.obj
 .bss           0x0000000000000000        0x0 CMakeFiles/led_test.elf.dir/Drivers/STM32F1xx_HAL_Driver/Src/stm32f1xx_hal_exti.c.obj
 .text.HAL_EXTI_SetConfigLine
                0x0000000000000000       0xd8 CMakeFiles/led_test.elf.dir/Drivers/STM32F1xx_HAL_Driver/Src/stm32f1xx_hal_exti.c.obj
 .text.HAL_EXTI_GetConfigLine
                0x0000000000000000       0xac CMakeFiles/led_test.elf.dir/Drivers/STM32F1xx_HAL_Driver/Src/stm32f1xx_hal_exti.c.obj
 .text.HAL_EXTI_ClearConfigLine
                0x0000000000000000       0x7c CMakeFiles/led_test.elf.dir/Drivers/STM32F1xx_HAL_Driver/Src/stm32f1xx_hal_exti.c.obj
 .text.HAL_EXTI_RegisterCallback
                0x0000000000000000        0xc CMakeFiles/led_test.elf.dir/Drivers/STM32F1xx_HAL_Driver/Src/stm32f1xx_hal_exti.c.obj
 .text.HAL_EXTI_GetHandle
                0x0000000000000000        0xc CMakeFiles/led_test.elf.dir/Drivers/STM32F1xx_HAL_Driver/Src/stm32f1xx_hal_exti.c.obj
 .text.HAL_EXTI_IRQHandler
                0x0000000000000000       0x24 CMakeFiles/led_test.elf.dir/Drivers/STM32F1xx_HAL_Driver/Src/stm32f1xx_hal_exti.c.obj
 .text.HAL_EXTI_GetPending
                0x0000000000000000       0x18 CMakeFiles/led_test.elf.dir/Drivers/STM32F1xx_HAL_Driver/Src/stm32f1xx_hal_exti.c.obj
 .text.HAL_EXTI_ClearPending
                0x0000000000000000       0x14 CMakeFiles/led_test.elf.dir/Drivers/STM32F1xx_HAL_Driver/Src/stm32f1xx_hal_exti.c.obj
 .text.HAL_EXTI_GenerateSWI
                0x0000000000000000       0x14 CMakeFiles/led_test.elf.dir/Drivers/STM32F1xx_HAL_Driver/Src/stm32f1xx_hal_exti.c.obj
 .debug_info    0x0000000000000000      0x52d CMakeFiles/led_test.elf.dir/Drivers/STM32F1xx_HAL_Driver/Src/stm32f1xx_hal_exti.c.obj
 .debug_abbrev  0x0000000000000000      0x1b0 CMakeFiles/led_test.elf.dir/Drivers/STM32F1xx_HAL_Driver/Src/stm32f1xx_hal_exti.c.obj
 .debug_loc     0x0000000000000000      0x455 CMakeFiles/led_test.elf.dir/Drivers/STM32F1xx_HAL_Driver/Src/stm32f1xx_hal_exti.c.obj
 .debug_aranges
                0x0000000000000000       0x60 CMakeFiles/led_test.elf.dir/Drivers/STM32F1xx_HAL_Driver/Src/stm32f1xx_hal_exti.c.obj
 .debug_ranges  0x0000000000000000       0x50 CMakeFiles/led_test.elf.dir/Drivers/STM32F1xx_HAL_Driver/Src/stm32f1xx_hal_exti.c.obj
 .debug_line    0x0000000000000000      0x3a3 CMakeFiles/led_test.elf.dir/Drivers/STM32F1xx_HAL_Driver/Src/stm32f1xx_hal_exti.c.obj
 .debug_str     0x0000000000000000      0x413 CMakeFiles/led_test.elf.dir/Drivers/STM32F1xx_HAL_Driver/Src/stm32f1xx_hal_exti.c.obj
 .comment       0x0000000000000000       0x6f CMakeFiles/led_test.elf.dir/Drivers/STM32F1xx_HAL_Driver/Src/stm32f1xx_hal_exti.c.obj
 .debug_frame   0x0000000000000000       0xf4 CMakeFiles/led_test.elf.dir/Drivers/STM32F1xx_HAL_Driver/Src/stm32f1xx_hal_exti.c.obj
 .ARM.attributes
                0x0000000000000000       0x33 CMakeFiles/led_test.elf.dir/Drivers/STM32F1xx_HAL_Driver/Src/stm32f1xx_hal_exti.c.obj
 .text          0x0000000000000000        0x0 CMakeFiles/led_test.elf.dir/Drivers/STM32F1xx_HAL_Driver/Src/stm32f1xx_hal_flash.c.obj
 .data          0x0000000000000000        0x0 CMakeFiles/led_test.elf.dir/Drivers/STM32F1xx_HAL_Driver/Src/stm32f1xx_hal_flash.c.obj
 .bss           0x0000000000000000        0x0 CMakeFiles/led_test.elf.dir/Drivers/STM32F1xx_HAL_Driver/Src/stm32f1xx_hal_flash.c.obj
 .text.FLASH_Program_HalfWord
                0x0000000000000000       0x1c CMakeFiles/led_test.elf.dir/Drivers/STM32F1xx_HAL_Driver/Src/stm32f1xx_hal_flash.c.obj
 .text.FLASH_SetErrorCode
                0x0000000000000000       0x74 CMakeFiles/led_test.elf.dir/Drivers/STM32F1xx_HAL_Driver/Src/stm32f1xx_hal_flash.c.obj
 .text.HAL_FLASH_Program_IT
                0x0000000000000000       0x64 CMakeFiles/led_test.elf.dir/Drivers/STM32F1xx_HAL_Driver/Src/stm32f1xx_hal_flash.c.obj
 .text.HAL_FLASH_EndOfOperationCallback
                0x0000000000000000        0x4 CMakeFiles/led_test.elf.dir/Drivers/STM32F1xx_HAL_Driver/Src/stm32f1xx_hal_flash.c.obj
 .text.HAL_FLASH_OperationErrorCallback
                0x0000000000000000        0x4 CMakeFiles/led_test.elf.dir/Drivers/STM32F1xx_HAL_Driver/Src/stm32f1xx_hal_flash.c.obj
 .text.HAL_FLASH_IRQHandler
                0x0000000000000000      0x15c CMakeFiles/led_test.elf.dir/Drivers/STM32F1xx_HAL_Driver/Src/stm32f1xx_hal_flash.c.obj
 .text.HAL_FLASH_Unlock
                0x0000000000000000       0x34 CMakeFiles/led_test.elf.dir/Drivers/STM32F1xx_HAL_Driver/Src/stm32f1xx_hal_flash.c.obj
 .text.HAL_FLASH_Lock
                0x0000000000000000       0x14 CMakeFiles/led_test.elf.dir/Drivers/STM32F1xx_HAL_Driver/Src/stm32f1xx_hal_flash.c.obj
 .text.HAL_FLASH_OB_Unlock
                0x0000000000000000       0x28 CMakeFiles/led_test.elf.dir/Drivers/STM32F1xx_HAL_Driver/Src/stm32f1xx_hal_flash.c.obj
 .text.HAL_FLASH_OB_Lock
                0x0000000000000000       0x14 CMakeFiles/led_test.elf.dir/Drivers/STM32F1xx_HAL_Driver/Src/stm32f1xx_hal_flash.c.obj
 .text.HAL_FLASH_OB_Launch
                0x0000000000000000        0x8 CMakeFiles/led_test.elf.dir/Drivers/STM32F1xx_HAL_Driver/Src/stm32f1xx_hal_flash.c.obj
 .text.HAL_FLASH_GetError
                0x0000000000000000        0xc CMakeFiles/led_test.elf.dir/Drivers/STM32F1xx_HAL_Driver/Src/stm32f1xx_hal_flash.c.obj
 .text.FLASH_WaitForLastOperation
                0x0000000000000000       0x70 CMakeFiles/led_test.elf.dir/Drivers/STM32F1xx_HAL_Driver/Src/stm32f1xx_hal_flash.c.obj
 .text.HAL_FLASH_Program
                0x0000000000000000       0xa0 CMakeFiles/led_test.elf.dir/Drivers/STM32F1xx_HAL_Driver/Src/stm32f1xx_hal_flash.c.obj
 .bss.pFlash    0x0000000000000000       0x20 CMakeFiles/led_test.elf.dir/Drivers/STM32F1xx_HAL_Driver/Src/stm32f1xx_hal_flash.c.obj
 .debug_info    0x0000000000000000      0x640 CMakeFiles/led_test.elf.dir/Drivers/STM32F1xx_HAL_Driver/Src/stm32f1xx_hal_flash.c.obj
 .debug_abbrev  0x0000000000000000      0x202 CMakeFiles/led_test.elf.dir/Drivers/STM32F1xx_HAL_Driver/Src/stm32f1xx_hal_flash.c.obj
 .debug_loc     0x0000000000000000      0x326 CMakeFiles/led_test.elf.dir/Drivers/STM32F1xx_HAL_Driver/Src/stm32f1xx_hal_flash.c.obj
 .debug_aranges
                0x0000000000000000       0x88 CMakeFiles/led_test.elf.dir/Drivers/STM32F1xx_HAL_Driver/Src/stm32f1xx_hal_flash.c.obj
 .debug_ranges  0x0000000000000000       0x78 CMakeFiles/led_test.elf.dir/Drivers/STM32F1xx_HAL_Driver/Src/stm32f1xx_hal_flash.c.obj
 .debug_line    0x0000000000000000      0x4af CMakeFiles/led_test.elf.dir/Drivers/STM32F1xx_HAL_Driver/Src/stm32f1xx_hal_flash.c.obj
 .debug_str     0x0000000000000000      0x56c CMakeFiles/led_test.elf.dir/Drivers/STM32F1xx_HAL_Driver/Src/stm32f1xx_hal_flash.c.obj
 .comment       0x0000000000000000       0x6f CMakeFiles/led_test.elf.dir/Drivers/STM32F1xx_HAL_Driver/Src/stm32f1xx_hal_flash.c.obj
 .debug_frame   0x0000000000000000      0x134 CMakeFiles/led_test.elf.dir/Drivers/STM32F1xx_HAL_Driver/Src/stm32f1xx_hal_flash.c.obj
 .ARM.attributes
                0x0000000000000000       0x33 CMakeFiles/led_test.elf.dir/Drivers/STM32F1xx_HAL_Driver/Src/stm32f1xx_hal_flash.c.obj
 .text          0x0000000000000000        0x0 CMakeFiles/led_test.elf.dir/Drivers/STM32F1xx_HAL_Driver/Src/stm32f1xx_hal_flash_ex.c.obj
 .data          0x0000000000000000        0x0 CMakeFiles/led_test.elf.dir/Drivers/STM32F1xx_HAL_Driver/Src/stm32f1xx_hal_flash_ex.c.obj
 .bss           0x0000000000000000        0x0 CMakeFiles/led_test.elf.dir/Drivers/STM32F1xx_HAL_Driver/Src/stm32f1xx_hal_flash_ex.c.obj
 .text.FLASH_MassErase
                0x0000000000000000       0x24 CMakeFiles/led_test.elf.dir/Drivers/STM32F1xx_HAL_Driver/Src/stm32f1xx_hal_flash_ex.c.obj
 .text.FLASH_OB_GetWRP
                0x0000000000000000        0xc CMakeFiles/led_test.elf.dir/Drivers/STM32F1xx_HAL_Driver/Src/stm32f1xx_hal_flash_ex.c.obj
 .text.FLASH_OB_GetRDP
                0x0000000000000000       0x18 CMakeFiles/led_test.elf.dir/Drivers/STM32F1xx_HAL_Driver/Src/stm32f1xx_hal_flash_ex.c.obj
 .text.FLASH_OB_GetUser
                0x0000000000000000       0x10 CMakeFiles/led_test.elf.dir/Drivers/STM32F1xx_HAL_Driver/Src/stm32f1xx_hal_flash_ex.c.obj
 .text.FLASH_OB_RDP_LevelConfig
                0x0000000000000000       0x6c CMakeFiles/led_test.elf.dir/Drivers/STM32F1xx_HAL_Driver/Src/stm32f1xx_hal_flash_ex.c.obj
 .text.FLASH_OB_UserConfig
                0x0000000000000000       0x4c CMakeFiles/led_test.elf.dir/Drivers/STM32F1xx_HAL_Driver/Src/stm32f1xx_hal_flash_ex.c.obj
 .text.FLASH_OB_ProgramData
                0x0000000000000000       0x44 CMakeFiles/led_test.elf.dir/Drivers/STM32F1xx_HAL_Driver/Src/stm32f1xx_hal_flash_ex.c.obj
 .text.HAL_FLASHEx_OBErase
                0x0000000000000000       0x54 CMakeFiles/led_test.elf.dir/Drivers/STM32F1xx_HAL_Driver/Src/stm32f1xx_hal_flash_ex.c.obj
 .text.FLASH_OB_EnableWRP
                0x0000000000000000       0xb8 CMakeFiles/led_test.elf.dir/Drivers/STM32F1xx_HAL_Driver/Src/stm32f1xx_hal_flash_ex.c.obj
 .text.FLASH_OB_DisableWRP
                0x0000000000000000       0xc0 CMakeFiles/led_test.elf.dir/Drivers/STM32F1xx_HAL_Driver/Src/stm32f1xx_hal_flash_ex.c.obj
 .text.HAL_FLASHEx_OBProgram
                0x0000000000000000       0xa4 CMakeFiles/led_test.elf.dir/Drivers/STM32F1xx_HAL_Driver/Src/stm32f1xx_hal_flash_ex.c.obj
 .text.HAL_FLASHEx_OBGetConfig
                0x0000000000000000       0x1c CMakeFiles/led_test.elf.dir/Drivers/STM32F1xx_HAL_Driver/Src/stm32f1xx_hal_flash_ex.c.obj
 .text.HAL_FLASHEx_OBGetUserData
                0x0000000000000000       0x24 CMakeFiles/led_test.elf.dir/Drivers/STM32F1xx_HAL_Driver/Src/stm32f1xx_hal_flash_ex.c.obj
 .text.FLASH_PageErase
                0x0000000000000000       0x24 CMakeFiles/led_test.elf.dir/Drivers/STM32F1xx_HAL_Driver/Src/stm32f1xx_hal_flash_ex.c.obj
 .text.HAL_FLASHEx_Erase
                0x0000000000000000       0xa4 CMakeFiles/led_test.elf.dir/Drivers/STM32F1xx_HAL_Driver/Src/stm32f1xx_hal_flash_ex.c.obj
 .text.HAL_FLASHEx_Erase_IT
                0x0000000000000000       0x60 CMakeFiles/led_test.elf.dir/Drivers/STM32F1xx_HAL_Driver/Src/stm32f1xx_hal_flash_ex.c.obj
 .debug_info    0x0000000000000000      0xa33 CMakeFiles/led_test.elf.dir/Drivers/STM32F1xx_HAL_Driver/Src/stm32f1xx_hal_flash_ex.c.obj
 .debug_abbrev  0x0000000000000000      0x209 CMakeFiles/led_test.elf.dir/Drivers/STM32F1xx_HAL_Driver/Src/stm32f1xx_hal_flash_ex.c.obj
 .debug_loc     0x0000000000000000      0x6d4 CMakeFiles/led_test.elf.dir/Drivers/STM32F1xx_HAL_Driver/Src/stm32f1xx_hal_flash_ex.c.obj
 .debug_aranges
                0x0000000000000000       0x98 CMakeFiles/led_test.elf.dir/Drivers/STM32F1xx_HAL_Driver/Src/stm32f1xx_hal_flash_ex.c.obj
 .debug_ranges  0x0000000000000000       0x88 CMakeFiles/led_test.elf.dir/Drivers/STM32F1xx_HAL_Driver/Src/stm32f1xx_hal_flash_ex.c.obj
 .debug_line    0x0000000000000000      0x4e2 CMakeFiles/led_test.elf.dir/Drivers/STM32F1xx_HAL_Driver/Src/stm32f1xx_hal_flash_ex.c.obj
 .debug_str     0x0000000000000000      0x682 CMakeFiles/led_test.elf.dir/Drivers/STM32F1xx_HAL_Driver/Src/stm32f1xx_hal_flash_ex.c.obj
 .comment       0x0000000000000000       0x6f CMakeFiles/led_test.elf.dir/Drivers/STM32F1xx_HAL_Driver/Src/stm32f1xx_hal_flash_ex.c.obj
 .debug_frame   0x0000000000000000      0x194 CMakeFiles/led_test.elf.dir/Drivers/STM32F1xx_HAL_Driver/Src/stm32f1xx_hal_flash_ex.c.obj
 .ARM.attributes
                0x0000000000000000       0x33 CMakeFiles/led_test.elf.dir/Drivers/STM32F1xx_HAL_Driver/Src/stm32f1xx_hal_flash_ex.c.obj
 .text          0x0000000000000000        0x0 CMakeFiles/led_test.elf.dir/Drivers/STM32F1xx_HAL_Driver/Src/stm32f1xx_hal_gpio.c.obj
 .data          0x0000000000000000        0x0 CMakeFiles/led_test.elf.dir/Drivers/STM32F1xx_HAL_Driver/Src/stm32f1xx_hal_gpio.c.obj
 .bss           0x0000000000000000        0x0 CMakeFiles/led_test.elf.dir/Drivers/STM32F1xx_HAL_Driver/Src/stm32f1xx_hal_gpio.c.obj
 .text.HAL_GPIO_DeInit
                0x0000000000000000       0xf4 CMakeFiles/led_test.elf.dir/Drivers/STM32F1xx_HAL_Driver/Src/stm32f1xx_hal_gpio.c.obj
 .text.HAL_GPIO_ReadPin
                0x0000000000000000       0x10 CMakeFiles/led_test.elf.dir/Drivers/STM32F1xx_HAL_Driver/Src/stm32f1xx_hal_gpio.c.obj
 .text.HAL_GPIO_TogglePin
                0x0000000000000000       0x14 CMakeFiles/led_test.elf.dir/Drivers/STM32F1xx_HAL_Driver/Src/stm32f1xx_hal_gpio.c.obj
 .text.HAL_GPIO_LockPin
                0x0000000000000000       0x30 CMakeFiles/led_test.elf.dir/Drivers/STM32F1xx_HAL_Driver/Src/stm32f1xx_hal_gpio.c.obj
 .text.HAL_GPIO_EXTI_Callback
                0x0000000000000000        0x4 CMakeFiles/led_test.elf.dir/Drivers/STM32F1xx_HAL_Driver/Src/stm32f1xx_hal_gpio.c.obj
 .text.HAL_GPIO_EXTI_IRQHandler
                0x0000000000000000       0x18 CMakeFiles/led_test.elf.dir/Drivers/STM32F1xx_HAL_Driver/Src/stm32f1xx_hal_gpio.c.obj
 .text          0x0000000000000000        0x0 CMakeFiles/led_test.elf.dir/Drivers/STM32F1xx_HAL_Driver/Src/stm32f1xx_hal_gpio_ex.c.obj
 .data          0x0000000000000000        0x0 CMakeFiles/led_test.elf.dir/Drivers/STM32F1xx_HAL_Driver/Src/stm32f1xx_hal_gpio_ex.c.obj
 .bss           0x0000000000000000        0x0 CMakeFiles/led_test.elf.dir/Drivers/STM32F1xx_HAL_Driver/Src/stm32f1xx_hal_gpio_ex.c.obj
 .text.HAL_GPIOEx_ConfigEventout
                0x0000000000000000       0x14 CMakeFiles/led_test.elf.dir/Drivers/STM32F1xx_HAL_Driver/Src/stm32f1xx_hal_gpio_ex.c.obj
 .text.HAL_GPIOEx_EnableEventout
                0x0000000000000000       0x10 CMakeFiles/led_test.elf.dir/Drivers/STM32F1xx_HAL_Driver/Src/stm32f1xx_hal_gpio_ex.c.obj
 .text.HAL_GPIOEx_DisableEventout
                0x0000000000000000       0x10 CMakeFiles/led_test.elf.dir/Drivers/STM32F1xx_HAL_Driver/Src/stm32f1xx_hal_gpio_ex.c.obj
 .debug_info    0x0000000000000000      0x178 CMakeFiles/led_test.elf.dir/Drivers/STM32F1xx_HAL_Driver/Src/stm32f1xx_hal_gpio_ex.c.obj
 .debug_abbrev  0x0000000000000000       0xd8 CMakeFiles/led_test.elf.dir/Drivers/STM32F1xx_HAL_Driver/Src/stm32f1xx_hal_gpio_ex.c.obj
 .debug_loc     0x0000000000000000       0x21 CMakeFiles/led_test.elf.dir/Drivers/STM32F1xx_HAL_Driver/Src/stm32f1xx_hal_gpio_ex.c.obj
 .debug_aranges
                0x0000000000000000       0x30 CMakeFiles/led_test.elf.dir/Drivers/STM32F1xx_HAL_Driver/Src/stm32f1xx_hal_gpio_ex.c.obj
 .debug_ranges  0x0000000000000000       0x20 CMakeFiles/led_test.elf.dir/Drivers/STM32F1xx_HAL_Driver/Src/stm32f1xx_hal_gpio_ex.c.obj
 .debug_line    0x0000000000000000      0x23c CMakeFiles/led_test.elf.dir/Drivers/STM32F1xx_HAL_Driver/Src/stm32f1xx_hal_gpio_ex.c.obj
 .debug_str     0x0000000000000000      0x294 CMakeFiles/led_test.elf.dir/Drivers/STM32F1xx_HAL_Driver/Src/stm32f1xx_hal_gpio_ex.c.obj
 .comment       0x0000000000000000       0x6f CMakeFiles/led_test.elf.dir/Drivers/STM32F1xx_HAL_Driver/Src/stm32f1xx_hal_gpio_ex.c.obj
 .debug_frame   0x0000000000000000       0x40 CMakeFiles/led_test.elf.dir/Drivers/STM32F1xx_HAL_Driver/Src/stm32f1xx_hal_gpio_ex.c.obj
 .ARM.attributes
                0x0000000000000000       0x33 CMakeFiles/led_test.elf.dir/Drivers/STM32F1xx_HAL_Driver/Src/stm32f1xx_hal_gpio_ex.c.obj
 .text          0x0000000000000000        0x0 CMakeFiles/led_test.elf.dir/Drivers/STM32F1xx_HAL_Driver/Src/stm32f1xx_hal_pwr.c.obj
 .data          0x0000000000000000        0x0 CMakeFiles/led_test.elf.dir/Drivers/STM32F1xx_HAL_Driver/Src/stm32f1xx_hal_pwr.c.obj
 .bss           0x0000000000000000        0x0 CMakeFiles/led_test.elf.dir/Drivers/STM32F1xx_HAL_Driver/Src/stm32f1xx_hal_pwr.c.obj
 .text.PWR_OverloadWfe
                0x0000000000000000        0x8 CMakeFiles/led_test.elf.dir/Drivers/STM32F1xx_HAL_Driver/Src/stm32f1xx_hal_pwr.c.obj
 .text.HAL_PWR_DeInit
                0x0000000000000000       0x18 CMakeFiles/led_test.elf.dir/Drivers/STM32F1xx_HAL_Driver/Src/stm32f1xx_hal_pwr.c.obj
 .text.HAL_PWR_EnableBkUpAccess
                0x0000000000000000        0xc CMakeFiles/led_test.elf.dir/Drivers/STM32F1xx_HAL_Driver/Src/stm32f1xx_hal_pwr.c.obj
 .text.HAL_PWR_DisableBkUpAccess
                0x0000000000000000        0xc CMakeFiles/led_test.elf.dir/Drivers/STM32F1xx_HAL_Driver/Src/stm32f1xx_hal_pwr.c.obj
 .text.HAL_PWR_ConfigPVD
                0x0000000000000000       0x84 CMakeFiles/led_test.elf.dir/Drivers/STM32F1xx_HAL_Driver/Src/stm32f1xx_hal_pwr.c.obj
 .text.HAL_PWR_EnablePVD
                0x0000000000000000        0xc CMakeFiles/led_test.elf.dir/Drivers/STM32F1xx_HAL_Driver/Src/stm32f1xx_hal_pwr.c.obj
 .text.HAL_PWR_DisablePVD
                0x0000000000000000        0xc CMakeFiles/led_test.elf.dir/Drivers/STM32F1xx_HAL_Driver/Src/stm32f1xx_hal_pwr.c.obj
 .text.HAL_PWR_EnableWakeUpPin
                0x0000000000000000       0x18 CMakeFiles/led_test.elf.dir/Drivers/STM32F1xx_HAL_Driver/Src/stm32f1xx_hal_pwr.c.obj
 .text.HAL_PWR_DisableWakeUpPin
                0x0000000000000000       0x18 CMakeFiles/led_test.elf.dir/Drivers/STM32F1xx_HAL_Driver/Src/stm32f1xx_hal_pwr.c.obj
 .text.HAL_PWR_EnterSLEEPMode
                0x0000000000000000       0x20 CMakeFiles/led_test.elf.dir/Drivers/STM32F1xx_HAL_Driver/Src/stm32f1xx_hal_pwr.c.obj
 .text.HAL_PWR_EnterSTOPMode
                0x0000000000000000       0x48 CMakeFiles/led_test.elf.dir/Drivers/STM32F1xx_HAL_Driver/Src/stm32f1xx_hal_pwr.c.obj
 .text.HAL_PWR_EnterSTANDBYMode
                0x0000000000000000       0x20 CMakeFiles/led_test.elf.dir/Drivers/STM32F1xx_HAL_Driver/Src/stm32f1xx_hal_pwr.c.obj
 .text.HAL_PWR_EnableSleepOnExit
                0x0000000000000000       0x10 CMakeFiles/led_test.elf.dir/Drivers/STM32F1xx_HAL_Driver/Src/stm32f1xx_hal_pwr.c.obj
 .text.HAL_PWR_DisableSleepOnExit
                0x0000000000000000       0x10 CMakeFiles/led_test.elf.dir/Drivers/STM32F1xx_HAL_Driver/Src/stm32f1xx_hal_pwr.c.obj
 .text.HAL_PWR_EnableSEVOnPend
                0x0000000000000000       0x10 CMakeFiles/led_test.elf.dir/Drivers/STM32F1xx_HAL_Driver/Src/stm32f1xx_hal_pwr.c.obj
 .text.HAL_PWR_DisableSEVOnPend
                0x0000000000000000       0x10 CMakeFiles/led_test.elf.dir/Drivers/STM32F1xx_HAL_Driver/Src/stm32f1xx_hal_pwr.c.obj
 .text.HAL_PWR_PVDCallback
                0x0000000000000000        0x4 CMakeFiles/led_test.elf.dir/Drivers/STM32F1xx_HAL_Driver/Src/stm32f1xx_hal_pwr.c.obj
 .text.HAL_PWR_PVD_IRQHandler
                0x0000000000000000       0x20 CMakeFiles/led_test.elf.dir/Drivers/STM32F1xx_HAL_Driver/Src/stm32f1xx_hal_pwr.c.obj
 .debug_info    0x0000000000000000      0x65e CMakeFiles/led_test.elf.dir/Drivers/STM32F1xx_HAL_Driver/Src/stm32f1xx_hal_pwr.c.obj
 .debug_abbrev  0x0000000000000000      0x1c2 CMakeFiles/led_test.elf.dir/Drivers/STM32F1xx_HAL_Driver/Src/stm32f1xx_hal_pwr.c.obj
 .debug_loc     0x0000000000000000       0xaa CMakeFiles/led_test.elf.dir/Drivers/STM32F1xx_HAL_Driver/Src/stm32f1xx_hal_pwr.c.obj
 .debug_aranges
                0x0000000000000000       0xa8 CMakeFiles/led_test.elf.dir/Drivers/STM32F1xx_HAL_Driver/Src/stm32f1xx_hal_pwr.c.obj
 .debug_ranges  0x0000000000000000       0x98 CMakeFiles/led_test.elf.dir/Drivers/STM32F1xx_HAL_Driver/Src/stm32f1xx_hal_pwr.c.obj
 .debug_line    0x0000000000000000      0x3ec CMakeFiles/led_test.elf.dir/Drivers/STM32F1xx_HAL_Driver/Src/stm32f1xx_hal_pwr.c.obj
 .debug_str     0x0000000000000000      0x4d8 CMakeFiles/led_test.elf.dir/Drivers/STM32F1xx_HAL_Driver/Src/stm32f1xx_hal_pwr.c.obj
 .comment       0x0000000000000000       0x6f CMakeFiles/led_test.elf.dir/Drivers/STM32F1xx_HAL_Driver/Src/stm32f1xx_hal_pwr.c.obj
 .debug_frame   0x0000000000000000      0x140 CMakeFiles/led_test.elf.dir/Drivers/STM32F1xx_HAL_Driver/Src/stm32f1xx_hal_pwr.c.obj
 .ARM.attributes
                0x0000000000000000       0x33 CMakeFiles/led_test.elf.dir/Drivers/STM32F1xx_HAL_Driver/Src/stm32f1xx_hal_pwr.c.obj
 .text          0x0000000000000000        0x0 CMakeFiles/led_test.elf.dir/Drivers/STM32F1xx_HAL_Driver/Src/stm32f1xx_hal_rcc.c.obj
 .data          0x0000000000000000        0x0 CMakeFiles/led_test.elf.dir/Drivers/STM32F1xx_HAL_Driver/Src/stm32f1xx_hal_rcc.c.obj
 .bss           0x0000000000000000        0x0 CMakeFiles/led_test.elf.dir/Drivers/STM32F1xx_HAL_Driver/Src/stm32f1xx_hal_rcc.c.obj
 .text.HAL_RCC_DeInit
                0x0000000000000000       0xfc CMakeFiles/led_test.elf.dir/Drivers/STM32F1xx_HAL_Driver/Src/stm32f1xx_hal_rcc.c.obj
 .text.HAL_RCC_MCOConfig
                0x0000000000000000       0x4c CMakeFiles/led_test.elf.dir/Drivers/STM32F1xx_HAL_Driver/Src/stm32f1xx_hal_rcc.c.obj
 .text.HAL_RCC_EnableCSS
                0x0000000000000000        0xc CMakeFiles/led_test.elf.dir/Drivers/STM32F1xx_HAL_Driver/Src/stm32f1xx_hal_rcc.c.obj
 .text.HAL_RCC_DisableCSS
                0x0000000000000000        0xc CMakeFiles/led_test.elf.dir/Drivers/STM32F1xx_HAL_Driver/Src/stm32f1xx_hal_rcc.c.obj
 .text.HAL_RCC_GetHCLKFreq
                0x0000000000000000        0xc CMakeFiles/led_test.elf.dir/Drivers/STM32F1xx_HAL_Driver/Src/stm32f1xx_hal_rcc.c.obj
 .text.HAL_RCC_GetPCLK1Freq
                0x0000000000000000       0x20 CMakeFiles/led_test.elf.dir/Drivers/STM32F1xx_HAL_Driver/Src/stm32f1xx_hal_rcc.c.obj
 .text.HAL_RCC_GetPCLK2Freq
                0x0000000000000000       0x20 CMakeFiles/led_test.elf.dir/Drivers/STM32F1xx_HAL_Driver/Src/stm32f1xx_hal_rcc.c.obj
 .text.HAL_RCC_GetOscConfig
                0x0000000000000000       0xb4 CMakeFiles/led_test.elf.dir/Drivers/STM32F1xx_HAL_Driver/Src/stm32f1xx_hal_rcc.c.obj
 .text.HAL_RCC_GetClockConfig
                0x0000000000000000       0x3c CMakeFiles/led_test.elf.dir/Drivers/STM32F1xx_HAL_Driver/Src/stm32f1xx_hal_rcc.c.obj
 .text.HAL_RCC_CSSCallback
                0x0000000000000000        0x4 CMakeFiles/led_test.elf.dir/Drivers/STM32F1xx_HAL_Driver/Src/stm32f1xx_hal_rcc.c.obj
 .text.HAL_RCC_NMI_IRQHandler
                0x0000000000000000       0x20 CMakeFiles/led_test.elf.dir/Drivers/STM32F1xx_HAL_Driver/Src/stm32f1xx_hal_rcc.c.obj
 .text          0x0000000000000000        0x0 CMakeFiles/led_test.elf.dir/Drivers/STM32F1xx_HAL_Driver/Src/stm32f1xx_hal_rcc_ex.c.obj
 .data          0x0000000000000000        0x0 CMakeFiles/led_test.elf.dir/Drivers/STM32F1xx_HAL_Driver/Src/stm32f1xx_hal_rcc_ex.c.obj
 .bss           0x0000000000000000        0x0 CMakeFiles/led_test.elf.dir/Drivers/STM32F1xx_HAL_Driver/Src/stm32f1xx_hal_rcc_ex.c.obj
 .text.HAL_RCCEx_PeriphCLKConfig
                0x0000000000000000      0x114 CMakeFiles/led_test.elf.dir/Drivers/STM32F1xx_HAL_Driver/Src/stm32f1xx_hal_rcc_ex.c.obj
 .text.HAL_RCCEx_GetPeriphCLKConfig
                0x0000000000000000       0x34 CMakeFiles/led_test.elf.dir/Drivers/STM32F1xx_HAL_Driver/Src/stm32f1xx_hal_rcc_ex.c.obj
 .text.HAL_RCCEx_GetPeriphCLKFreq
                0x0000000000000000      0x120 CMakeFiles/led_test.elf.dir/Drivers/STM32F1xx_HAL_Driver/Src/stm32f1xx_hal_rcc_ex.c.obj
 .rodata        0x0000000000000000       0x12 CMakeFiles/led_test.elf.dir/Drivers/STM32F1xx_HAL_Driver/Src/stm32f1xx_hal_rcc_ex.c.obj
 .debug_info    0x0000000000000000      0x443 CMakeFiles/led_test.elf.dir/Drivers/STM32F1xx_HAL_Driver/Src/stm32f1xx_hal_rcc_ex.c.obj
 .debug_abbrev  0x0000000000000000      0x1b1 CMakeFiles/led_test.elf.dir/Drivers/STM32F1xx_HAL_Driver/Src/stm32f1xx_hal_rcc_ex.c.obj
 .debug_loc     0x0000000000000000      0x302 CMakeFiles/led_test.elf.dir/Drivers/STM32F1xx_HAL_Driver/Src/stm32f1xx_hal_rcc_ex.c.obj
 .debug_aranges
                0x0000000000000000       0x30 CMakeFiles/led_test.elf.dir/Drivers/STM32F1xx_HAL_Driver/Src/stm32f1xx_hal_rcc_ex.c.obj
 .debug_ranges  0x0000000000000000       0x38 CMakeFiles/led_test.elf.dir/Drivers/STM32F1xx_HAL_Driver/Src/stm32f1xx_hal_rcc_ex.c.obj
 .debug_line    0x0000000000000000      0x388 CMakeFiles/led_test.elf.dir/Drivers/STM32F1xx_HAL_Driver/Src/stm32f1xx_hal_rcc_ex.c.obj
 .debug_str     0x0000000000000000      0x44e CMakeFiles/led_test.elf.dir/Drivers/STM32F1xx_HAL_Driver/Src/stm32f1xx_hal_rcc_ex.c.obj
 .comment       0x0000000000000000       0x6f CMakeFiles/led_test.elf.dir/Drivers/STM32F1xx_HAL_Driver/Src/stm32f1xx_hal_rcc_ex.c.obj
 .debug_frame   0x0000000000000000       0x68 CMakeFiles/led_test.elf.dir/Drivers/STM32F1xx_HAL_Driver/Src/stm32f1xx_hal_rcc_ex.c.obj
 .ARM.attributes
                0x0000000000000000       0x33 CMakeFiles/led_test.elf.dir/Drivers/STM32F1xx_HAL_Driver/Src/stm32f1xx_hal_rcc_ex.c.obj
 .text          0x0000000000000000        0x0 CMakeFiles/led_test.elf.dir/Drivers/STM32F1xx_HAL_Driver/Src/stm32f1xx_hal_tim.c.obj
 .data          0x0000000000000000        0x0 CMakeFiles/led_test.elf.dir/Drivers/STM32F1xx_HAL_Driver/Src/stm32f1xx_hal_tim.c.obj
 .bss           0x0000000000000000        0x0 CMakeFiles/led_test.elf.dir/Drivers/STM32F1xx_HAL_Driver/Src/stm32f1xx_hal_tim.c.obj
 .debug_info    0x0000000000000000       0x95 CMakeFiles/led_test.elf.dir/Drivers/STM32F1xx_HAL_Driver/Src/stm32f1xx_hal_tim.c.obj
 .debug_abbrev  0x0000000000000000       0x49 CMakeFiles/led_test.elf.dir/Drivers/STM32F1xx_HAL_Driver/Src/stm32f1xx_hal_tim.c.obj
 .debug_aranges
                0x0000000000000000       0x18 CMakeFiles/led_test.elf.dir/Drivers/STM32F1xx_HAL_Driver/Src/stm32f1xx_hal_tim.c.obj
 .debug_line    0x0000000000000000      0x142 CMakeFiles/led_test.elf.dir/Drivers/STM32F1xx_HAL_Driver/Src/stm32f1xx_hal_tim.c.obj
 .debug_str     0x0000000000000000      0x1e0 CMakeFiles/led_test.elf.dir/Drivers/STM32F1xx_HAL_Driver/Src/stm32f1xx_hal_tim.c.obj
 .comment       0x0000000000000000       0x6f CMakeFiles/led_test.elf.dir/Drivers/STM32F1xx_HAL_Driver/Src/stm32f1xx_hal_tim.c.obj
 .ARM.attributes
                0x0000000000000000       0x33 CMakeFiles/led_test.elf.dir/Drivers/STM32F1xx_HAL_Driver/Src/stm32f1xx_hal_tim.c.obj
 .text          0x0000000000000000        0x0 CMakeFiles/led_test.elf.dir/Drivers/STM32F1xx_HAL_Driver/Src/stm32f1xx_hal_tim_ex.c.obj
 .data          0x0000000000000000        0x0 CMakeFiles/led_test.elf.dir/Drivers/STM32F1xx_HAL_Driver/Src/stm32f1xx_hal_tim_ex.c.obj
 .bss           0x0000000000000000        0x0 CMakeFiles/led_test.elf.dir/Drivers/STM32F1xx_HAL_Driver/Src/stm32f1xx_hal_tim_ex.c.obj
 .debug_info    0x0000000000000000       0x95 CMakeFiles/led_test.elf.dir/Drivers/STM32F1xx_HAL_Driver/Src/stm32f1xx_hal_tim_ex.c.obj
 .debug_abbrev  0x0000000000000000       0x49 CMakeFiles/led_test.elf.dir/Drivers/STM32F1xx_HAL_Driver/Src/stm32f1xx_hal_tim_ex.c.obj
 .debug_aranges
                0x0000000000000000       0x18 CMakeFiles/led_test.elf.dir/Drivers/STM32F1xx_HAL_Driver/Src/stm32f1xx_hal_tim_ex.c.obj
 .debug_line    0x0000000000000000      0x142 CMakeFiles/led_test.elf.dir/Drivers/STM32F1xx_HAL_Driver/Src/stm32f1xx_hal_tim_ex.c.obj
 .debug_str     0x0000000000000000      0x1e3 CMakeFiles/led_test.elf.dir/Drivers/STM32F1xx_HAL_Driver/Src/stm32f1xx_hal_tim_ex.c.obj
 .comment       0x0000000000000000       0x6f CMakeFiles/led_test.elf.dir/Drivers/STM32F1xx_HAL_Driver/Src/stm32f1xx_hal_tim_ex.c.obj
 .ARM.attributes
                0x0000000000000000       0x33 CMakeFiles/led_test.elf.dir/Drivers/STM32F1xx_HAL_Driver/Src/stm32f1xx_hal_tim_ex.c.obj
 .text          0x0000000000000000       0x14 CMakeFiles/led_test.elf.dir/startup/startup_stm32f103xe.s.obj
 .data          0x0000000000000000        0x0 CMakeFiles/led_test.elf.dir/startup/startup_stm32f103xe.s.obj
 .bss           0x0000000000000000        0x0 CMakeFiles/led_test.elf.dir/startup/startup_stm32f103xe.s.obj
 .text          0x0000000000000000        0x0 /Users/lost_echo/Programming/stm32/gcc-arm-none-eabi-5_4-2016q3/bin/../lib/gcc/arm-none-eabi/5.4.1/../../../../arm-none-eabi/lib/armv7-m/libg.a(lib_a-errno.o)
 .data          0x0000000000000000        0x0 /Users/lost_echo/Programming/stm32/gcc-arm-none-eabi-5_4-2016q3/bin/../lib/gcc/arm-none-eabi/5.4.1/../../../../arm-none-eabi/lib/armv7-m/libg.a(lib_a-errno.o)
 .bss           0x0000000000000000        0x0 /Users/lost_echo/Programming/stm32/gcc-arm-none-eabi-5_4-2016q3/bin/../lib/gcc/arm-none-eabi/5.4.1/../../../../arm-none-eabi/lib/armv7-m/libg.a(lib_a-errno.o)
 .text.__errno  0x0000000000000000        0xc /Users/lost_echo/Programming/stm32/gcc-arm-none-eabi-5_4-2016q3/bin/../lib/gcc/arm-none-eabi/5.4.1/../../../../arm-none-eabi/lib/armv7-m/libg.a(lib_a-errno.o)
 .debug_frame   0x0000000000000000       0x20 /Users/lost_echo/Programming/stm32/gcc-arm-none-eabi-5_4-2016q3/bin/../lib/gcc/arm-none-eabi/5.4.1/../../../../arm-none-eabi/lib/armv7-m/libg.a(lib_a-errno.o)
 .ARM.attributes
                0x0000000000000000       0x2d /Users/lost_echo/Programming/stm32/gcc-arm-none-eabi-5_4-2016q3/bin/../lib/gcc/arm-none-eabi/5.4.1/../../../../arm-none-eabi/lib/armv7-m/libg.a(lib_a-errno.o)
 .text          0x0000000000000000        0x0 /Users/lost_echo/Programming/stm32/gcc-arm-none-eabi-5_4-2016q3/bin/../lib/gcc/arm-none-eabi/5.4.1/../../../../arm-none-eabi/lib/armv7-m/libg.a(lib_a-exit.o)
 .data          0x0000000000000000        0x0 /Users/lost_echo/Programming/stm32/gcc-arm-none-eabi-5_4-2016q3/bin/../lib/gcc/arm-none-eabi/5.4.1/../../../../arm-none-eabi/lib/armv7-m/libg.a(lib_a-exit.o)
 .bss           0x0000000000000000        0x0 /Users/lost_echo/Programming/stm32/gcc-arm-none-eabi-5_4-2016q3/bin/../lib/gcc/arm-none-eabi/5.4.1/../../../../arm-none-eabi/lib/armv7-m/libg.a(lib_a-exit.o)
 .text.exit     0x0000000000000000       0x20 /Users/lost_echo/Programming/stm32/gcc-arm-none-eabi-5_4-2016q3/bin/../lib/gcc/arm-none-eabi/5.4.1/../../../../arm-none-eabi/lib/armv7-m/libg.a(lib_a-exit.o)
 .debug_frame   0x0000000000000000       0x28 /Users/lost_echo/Programming/stm32/gcc-arm-none-eabi-5_4-2016q3/bin/../lib/gcc/arm-none-eabi/5.4.1/../../../../arm-none-eabi/lib/armv7-m/libg.a(lib_a-exit.o)
 .ARM.attributes
                0x0000000000000000       0x2d /Users/lost_echo/Programming/stm32/gcc-arm-none-eabi-5_4-2016q3/bin/../lib/gcc/arm-none-eabi/5.4.1/../../../../arm-none-eabi/lib/armv7-m/libg.a(lib_a-exit.o)
 .text          0x0000000000000000        0x0 /Users/lost_echo/Programming/stm32/gcc-arm-none-eabi-5_4-2016q3/bin/../lib/gcc/arm-none-eabi/5.4.1/../../../../arm-none-eabi/lib/armv7-m/libg.a(lib_a-impure.o)
 .data          0x0000000000000000        0x0 /Users/lost_echo/Programming/stm32/gcc-arm-none-eabi-5_4-2016q3/bin/../lib/gcc/arm-none-eabi/5.4.1/../../../../arm-none-eabi/lib/armv7-m/libg.a(lib_a-impure.o)
 .bss           0x0000000000000000        0x0 /Users/lost_echo/Programming/stm32/gcc-arm-none-eabi-5_4-2016q3/bin/../lib/gcc/arm-none-eabi/5.4.1/../../../../arm-none-eabi/lib/armv7-m/libg.a(lib_a-impure.o)
 .data._impure_ptr
                0x0000000000000000        0x4 /Users/lost_echo/Programming/stm32/gcc-arm-none-eabi-5_4-2016q3/bin/../lib/gcc/arm-none-eabi/5.4.1/../../../../arm-none-eabi/lib/armv7-m/libg.a(lib_a-impure.o)
 .text          0x0000000000000000        0x0 /Users/lost_echo/Programming/stm32/gcc-arm-none-eabi-5_4-2016q3/bin/../lib/gcc/arm-none-eabi/5.4.1/../../../../arm-none-eabi/lib/armv7-m/libg.a(lib_a-init.o)
 .data          0x0000000000000000        0x0 /Users/lost_echo/Programming/stm32/gcc-arm-none-eabi-5_4-2016q3/bin/../lib/gcc/arm-none-eabi/5.4.1/../../../../arm-none-eabi/lib/armv7-m/libg.a(lib_a-init.o)
 .bss           0x0000000000000000        0x0 /Users/lost_echo/Programming/stm32/gcc-arm-none-eabi-5_4-2016q3/bin/../lib/gcc/arm-none-eabi/5.4.1/../../../../arm-none-eabi/lib/armv7-m/libg.a(lib_a-init.o)
 .text          0x0000000000000000        0x0 /Users/lost_echo/Programming/stm32/gcc-arm-none-eabi-5_4-2016q3/bin/../lib/gcc/arm-none-eabi/5.4.1/../../../../arm-none-eabi/lib/armv7-m/libg.a(lib_a-memset.o)
 .data          0x0000000000000000        0x0 /Users/lost_echo/Programming/stm32/gcc-arm-none-eabi-5_4-2016q3/bin/../lib/gcc/arm-none-eabi/5.4.1/../../../../arm-none-eabi/lib/armv7-m/libg.a(lib_a-memset.o)
 .bss           0x0000000000000000        0x0 /Users/lost_echo/Programming/stm32/gcc-arm-none-eabi-5_4-2016q3/bin/../lib/gcc/arm-none-eabi/5.4.1/../../../../arm-none-eabi/lib/armv7-m/libg.a(lib_a-memset.o)
 .text          0x0000000000000000        0x0 /Users/lost_echo/Programming/stm32/gcc-arm-none-eabi-5_4-2016q3/bin/../lib/gcc/arm-none-eabi/5.4.1/../../../../arm-none-eabi/lib/armv7-m/libg.a(lib_a-__call_atexit.o)
 .data          0x0000000000000000        0x0 /Users/lost_echo/Programming/stm32/gcc-arm-none-eabi-5_4-2016q3/bin/../lib/gcc/arm-none-eabi/5.4.1/../../../../arm-none-eabi/lib/armv7-m/libg.a(lib_a-__call_atexit.o)
 .bss           0x0000000000000000        0x0 /Users/lost_echo/Programming/stm32/gcc-arm-none-eabi-5_4-2016q3/bin/../lib/gcc/arm-none-eabi/5.4.1/../../../../arm-none-eabi/lib/armv7-m/libg.a(lib_a-__call_atexit.o)
 .text.__call_exitprocs
                0x0000000000000000       0xd8 /Users/lost_echo/Programming/stm32/gcc-arm-none-eabi-5_4-2016q3/bin/../lib/gcc/arm-none-eabi/5.4.1/../../../../arm-none-eabi/lib/armv7-m/libg.a(lib_a-__call_atexit.o)
 .text          0x0000000000000000        0x0 /Users/lost_echo/Programming/stm32/gcc-arm-none-eabi-5_4-2016q3/bin/../lib/gcc/arm-none-eabi/5.4.1/../../../../arm-none-eabi/lib/armv7-m/libg.a(lib_a-atexit.o)
 .data          0x0000000000000000        0x0 /Users/lost_echo/Programming/stm32/gcc-arm-none-eabi-5_4-2016q3/bin/../lib/gcc/arm-none-eabi/5.4.1/../../../../arm-none-eabi/lib/armv7-m/libg.a(lib_a-atexit.o)
 .bss           0x0000000000000000        0x0 /Users/lost_echo/Programming/stm32/gcc-arm-none-eabi-5_4-2016q3/bin/../lib/gcc/arm-none-eabi/5.4.1/../../../../arm-none-eabi/lib/armv7-m/libg.a(lib_a-atexit.o)
 .text          0x0000000000000000        0x0 /Users/lost_echo/Programming/stm32/gcc-arm-none-eabi-5_4-2016q3/bin/../lib/gcc/arm-none-eabi/5.4.1/../../../../arm-none-eabi/lib/armv7-m/libg.a(lib_a-fini.o)
 .data          0x0000000000000000        0x0 /Users/lost_echo/Programming/stm32/gcc-arm-none-eabi-5_4-2016q3/bin/../lib/gcc/arm-none-eabi/5.4.1/../../../../arm-none-eabi/lib/armv7-m/libg.a(lib_a-fini.o)
 .bss           0x0000000000000000        0x0 /Users/lost_echo/Programming/stm32/gcc-arm-none-eabi-5_4-2016q3/bin/../lib/gcc/arm-none-eabi/5.4.1/../../../../arm-none-eabi/lib/armv7-m/libg.a(lib_a-fini.o)
 .text          0x0000000000000000        0x0 /Users/lost_echo/Programming/stm32/gcc-arm-none-eabi-5_4-2016q3/bin/../lib/gcc/arm-none-eabi/5.4.1/../../../../arm-none-eabi/lib/armv7-m/libg.a(lib_a-__atexit.o)
 .data          0x0000000000000000        0x0 /Users/lost_echo/Programming/stm32/gcc-arm-none-eabi-5_4-2016q3/bin/../lib/gcc/arm-none-eabi/5.4.1/../../../../arm-none-eabi/lib/armv7-m/libg.a(lib_a-__atexit.o)
 .bss           0x0000000000000000        0x0 /Users/lost_echo/Programming/stm32/gcc-arm-none-eabi-5_4-2016q3/bin/../lib/gcc/arm-none-eabi/5.4.1/../../../../arm-none-eabi/lib/armv7-m/libg.a(lib_a-__atexit.o)
 .text          0x0000000000000000        0x0 /Users/lost_echo/Programming/stm32/gcc-arm-none-eabi-5_4-2016q3/bin/../lib/gcc/arm-none-eabi/5.4.1/armv7-m/crtend.o
 .data          0x0000000000000000        0x0 /Users/lost_echo/Programming/stm32/gcc-arm-none-eabi-5_4-2016q3/bin/../lib/gcc/arm-none-eabi/5.4.1/armv7-m/crtend.o
 .bss           0x0000000000000000        0x0 /Users/lost_echo/Programming/stm32/gcc-arm-none-eabi-5_4-2016q3/bin/../lib/gcc/arm-none-eabi/5.4.1/armv7-m/crtend.o
 .eh_frame      0x0000000000000000        0x4 /Users/lost_echo/Programming/stm32/gcc-arm-none-eabi-5_4-2016q3/bin/../lib/gcc/arm-none-eabi/5.4.1/armv7-m/crtend.o
 .jcr           0x0000000000000000        0x4 /Users/lost_echo/Programming/stm32/gcc-arm-none-eabi-5_4-2016q3/bin/../lib/gcc/arm-none-eabi/5.4.1/armv7-m/crtend.o
 .ARM.attributes
                0x0000000000000000       0x2d /Users/lost_echo/Programming/stm32/gcc-arm-none-eabi-5_4-2016q3/bin/../lib/gcc/arm-none-eabi/5.4.1/armv7-m/crtend.o
 .text          0x0000000000000000        0x0 /Users/lost_echo/Programming/stm32/gcc-arm-none-eabi-5_4-2016q3/bin/../lib/gcc/arm-none-eabi/5.4.1/armv7-m/crtn.o
 .data          0x0000000000000000        0x0 /Users/lost_echo/Programming/stm32/gcc-arm-none-eabi-5_4-2016q3/bin/../lib/gcc/arm-none-eabi/5.4.1/armv7-m/crtn.o
 .bss           0x0000000000000000        0x0 /Users/lost_echo/Programming/stm32/gcc-arm-none-eabi-5_4-2016q3/bin/../lib/gcc/arm-none-eabi/5.4.1/armv7-m/crtn.o

Memory Configuration

Name             Origin             Length             Attributes
RAM              0x0000000020000000 0x0000000000010000 xrw
FLASH            0x0000000008000000 0x0000000000080000 xr
*default*        0x0000000000000000 0xffffffffffffffff

Linker script and memory map

LOAD /Users/lost_echo/Programming/stm32/gcc-arm-none-eabi-5_4-2016q3/bin/../lib/gcc/arm-none-eabi/5.4.1/armv7-m/crti.o
LOAD /Users/lost_echo/Programming/stm32/gcc-arm-none-eabi-5_4-2016q3/bin/../lib/gcc/arm-none-eabi/5.4.1/armv7-m/crtbegin.o
LOAD /Users/lost_echo/Programming/stm32/gcc-arm-none-eabi-5_4-2016q3/bin/../lib/gcc/arm-none-eabi/5.4.1/../../../../arm-none-eabi/lib/armv7-m/crt0.o
LOAD CMakeFiles/led_test.elf.dir/Core/Src/main.c.obj
LOAD CMakeFiles/led_test.elf.dir/Core/Src/stm32f1xx_hal_msp.c.obj
LOAD CMakeFiles/led_test.elf.dir/Core/Src/stm32f1xx_it.c.obj
LOAD CMakeFiles/led_test.elf.dir/Core/Src/syscalls.c.obj
LOAD CMakeFiles/led_test.elf.dir/Core/Src/system_stm32f1xx.c.obj
LOAD CMakeFiles/led_test.elf.dir/Drivers/STM32F1xx_HAL_Driver/Src/stm32f1xx_hal.c.obj
LOAD CMakeFiles/led_test.elf.dir/Drivers/STM32F1xx_HAL_Driver/Src/stm32f1xx_hal_cortex.c.obj
LOAD CMakeFiles/led_test.elf.dir/Drivers/STM32F1xx_HAL_Driver/Src/stm32f1xx_hal_dma.c.obj
LOAD CMakeFiles/led_test.elf.dir/Drivers/STM32F1xx_HAL_Driver/Src/stm32f1xx_hal_exti.c.obj
LOAD CMakeFiles/led_test.elf.dir/Drivers/STM32F1xx_HAL_Driver/Src/stm32f1xx_hal_flash.c.obj
LOAD CMakeFiles/led_test.elf.dir/Drivers/STM32F1xx_HAL_Driver/Src/stm32f1xx_hal_flash_ex.c.obj
LOAD CMakeFiles/led_test.elf.dir/Drivers/STM32F1xx_HAL_Driver/Src/stm32f1xx_hal_gpio.c.obj
LOAD CMakeFiles/led_test.elf.dir/Drivers/STM32F1xx_HAL_Driver/Src/stm32f1xx_hal_gpio_ex.c.obj
LOAD CMakeFiles/led_test.elf.dir/Drivers/STM32F1xx_HAL_Driver/Src/stm32f1xx_hal_pwr.c.obj
LOAD CMakeFiles/led_test.elf.dir/Drivers/STM32F1xx_HAL_Driver/Src/stm32f1xx_hal_rcc.c.obj
LOAD CMakeFiles/led_test.elf.dir/Drivers/STM32F1xx_HAL_Driver/Src/stm32f1xx_hal_rcc_ex.c.obj
LOAD CMakeFiles/led_test.elf.dir/Drivers/STM32F1xx_HAL_Driver/Src/stm32f1xx_hal_tim.c.obj
LOAD CMakeFiles/led_test.elf.dir/Drivers/STM32F1xx_HAL_Driver/Src/stm32f1xx_hal_tim_ex.c.obj
LOAD CMakeFiles/led_test.elf.dir/startup/startup_stm32f103xe.s.obj
START GROUP
LOAD /Users/lost_echo/Programming/stm32/gcc-arm-none-eabi-5_4-2016q3/bin/../lib/gcc/arm-none-eabi/5.4.1/armv7-m/libgcc.a
LOAD /Users/lost_echo/Programming/stm32/gcc-arm-none-eabi-5_4-2016q3/bin/../lib/gcc/arm-none-eabi/5.4.1/../../../../arm-none-eabi/lib/armv7-m/libg.a
LOAD /Users/lost_echo/Programming/stm32/gcc-arm-none-eabi-5_4-2016q3/bin/../lib/gcc/arm-none-eabi/5.4.1/../../../../arm-none-eabi/lib/armv7-m/libc.a
END GROUP
LOAD /Users/lost_echo/Programming/stm32/gcc-arm-none-eabi-5_4-2016q3/bin/../lib/gcc/arm-none-eabi/5.4.1/armv7-m/crtend.o
LOAD /Users/lost_echo/Programming/stm32/gcc-arm-none-eabi-5_4-2016q3/bin/../lib/gcc/arm-none-eabi/5.4.1/armv7-m/crtn.o
                0x0000000020010000                _estack = 0x20010000
                0x0000000000000200                _Min_Heap_Size = 0x200
                0x0000000000000400                _Min_Stack_Size = 0x400

.isr_vector     0x0000000008000000      0x1e4
                0x0000000008000000                . = ALIGN (0x4)
 *(.isr_vector)
 .isr_vector    0x0000000008000000      0x1e4 CMakeFiles/led_test.elf.dir/startup/startup_stm32f103xe.s.obj
                0x0000000008000000                g_pfnVectors
                0x00000000080001e4                . = ALIGN (0x4)

.text           0x00000000080001e4      0xdd4
                0x00000000080001e4                . = ALIGN (0x4)
 *(.text)
 .text          0x00000000080001e4       0x5c /Users/lost_echo/Programming/stm32/gcc-arm-none-eabi-5_4-2016q3/bin/../lib/gcc/arm-none-eabi/5.4.1/armv7-m/crtbegin.o
 *(.text*)
 .text.MX_GPIO_Init
                0x0000000008000240       0x78 CMakeFiles/led_test.elf.dir/Core/Src/main.c.obj
 .text.Error_Handler
                0x00000000080002b8        0x4 CMakeFiles/led_test.elf.dir/Core/Src/main.c.obj
                0x00000000080002b8                Error_Handler
 .text.SystemClock_Config
                0x00000000080002bc       0x64 CMakeFiles/led_test.elf.dir/Core/Src/main.c.obj
                0x00000000080002bc                SystemClock_Config
 .text.main     0x0000000008000320       0x40 CMakeFiles/led_test.elf.dir/Core/Src/main.c.obj
                0x0000000008000320                main
 .text.HAL_MspInit
                0x0000000008000360       0x44 CMakeFiles/led_test.elf.dir/Core/Src/stm32f1xx_hal_msp.c.obj
                0x0000000008000360                HAL_MspInit
 .text.NMI_Handler
                0x00000000080003a4        0x4 CMakeFiles/led_test.elf.dir/Core/Src/stm32f1xx_it.c.obj
                0x00000000080003a4                NMI_Handler
 .text.HardFault_Handler
                0x00000000080003a8        0x4 CMakeFiles/led_test.elf.dir/Core/Src/stm32f1xx_it.c.obj
                0x00000000080003a8                HardFault_Handler
 .text.MemManage_Handler
                0x00000000080003ac        0x4 CMakeFiles/led_test.elf.dir/Core/Src/stm32f1xx_it.c.obj
                0x00000000080003ac                MemManage_Handler
 .text.BusFault_Handler
                0x00000000080003b0        0x4 CMakeFiles/led_test.elf.dir/Core/Src/stm32f1xx_it.c.obj
                0x00000000080003b0                BusFault_Handler
 .text.UsageFault_Handler
                0x00000000080003b4        0x4 CMakeFiles/led_test.elf.dir/Core/Src/stm32f1xx_it.c.obj
                0x00000000080003b4                UsageFault_Handler
 .text.SVC_Handler
                0x00000000080003b8        0x4 CMakeFiles/led_test.elf.dir/Core/Src/stm32f1xx_it.c.obj
                0x00000000080003b8                SVC_Handler
 .text.DebugMon_Handler
                0x00000000080003bc        0x4 CMakeFiles/led_test.elf.dir/Core/Src/stm32f1xx_it.c.obj
                0x00000000080003bc                DebugMon_Handler
 .text.PendSV_Handler
                0x00000000080003c0        0x4 CMakeFiles/led_test.elf.dir/Core/Src/stm32f1xx_it.c.obj
                0x00000000080003c0                PendSV_Handler
 .text.SysTick_Handler
                0x00000000080003c4        0x8 CMakeFiles/led_test.elf.dir/Core/Src/stm32f1xx_it.c.obj
                0x00000000080003c4                SysTick_Handler
 .text.SystemInit
                0x00000000080003cc        0x4 CMakeFiles/led_test.elf.dir/Core/Src/system_stm32f1xx.c.obj
                0x00000000080003cc                SystemInit
 .text.HAL_InitTick
                0x00000000080003d0       0x4c CMakeFiles/led_test.elf.dir/Drivers/STM32F1xx_HAL_Driver/Src/stm32f1xx_hal.c.obj
                0x00000000080003d0                HAL_InitTick
 .text.HAL_Init
                0x000000000800041c       0x24 CMakeFiles/led_test.elf.dir/Drivers/STM32F1xx_HAL_Driver/Src/stm32f1xx_hal.c.obj
                0x000000000800041c                HAL_Init
 .text.HAL_IncTick
                0x0000000008000440       0x18 CMakeFiles/led_test.elf.dir/Drivers/STM32F1xx_HAL_Driver/Src/stm32f1xx_hal.c.obj
                0x0000000008000440                HAL_IncTick
 .text.HAL_GetTick
                0x0000000008000458        0xc CMakeFiles/led_test.elf.dir/Drivers/STM32F1xx_HAL_Driver/Src/stm32f1xx_hal.c.obj
                0x0000000008000458                HAL_GetTick
 .text.HAL_Delay
                0x0000000008000464       0x28 CMakeFiles/led_test.elf.dir/Drivers/STM32F1xx_HAL_Driver/Src/stm32f1xx_hal.c.obj
                0x0000000008000464                HAL_Delay
 .text.HAL_NVIC_SetPriorityGrouping
                0x000000000800048c       0x24 CMakeFiles/led_test.elf.dir/Drivers/STM32F1xx_HAL_Driver/Src/stm32f1xx_hal_cortex.c.obj
                0x000000000800048c                HAL_NVIC_SetPriorityGrouping
 .text.HAL_NVIC_SetPriority
                0x00000000080004b0       0x64 CMakeFiles/led_test.elf.dir/Drivers/STM32F1xx_HAL_Driver/Src/stm32f1xx_hal_cortex.c.obj
                0x00000000080004b0                HAL_NVIC_SetPriority
 .text.HAL_SYSTICK_Config
                0x0000000008000514       0x2c CMakeFiles/led_test.elf.dir/Drivers/STM32F1xx_HAL_Driver/Src/stm32f1xx_hal_cortex.c.obj
                0x0000000008000514                HAL_SYSTICK_Config
 .text.HAL_GPIO_Init
                0x0000000008000540      0x1f0 CMakeFiles/led_test.elf.dir/Drivers/STM32F1xx_HAL_Driver/Src/stm32f1xx_hal_gpio.c.obj
                0x0000000008000540                HAL_GPIO_Init
 .text.HAL_GPIO_WritePin
                0x0000000008000730        0xc CMakeFiles/led_test.elf.dir/Drivers/STM32F1xx_HAL_Driver/Src/stm32f1xx_hal_gpio.c.obj
                0x0000000008000730                HAL_GPIO_WritePin
 .text.RCC_Delay
                0x000000000800073c       0x2c CMakeFiles/led_test.elf.dir/Drivers/STM32F1xx_HAL_Driver/Src/stm32f1xx_hal_rcc.c.obj
 .text.HAL_RCC_OscConfig
                0x0000000008000768      0x434 CMakeFiles/led_test.elf.dir/Drivers/STM32F1xx_HAL_Driver/Src/stm32f1xx_hal_rcc.c.obj
                0x0000000008000768                HAL_RCC_OscConfig
 .text.HAL_RCC_GetSysClockFreq
                0x0000000008000b9c       0x70 CMakeFiles/led_test.elf.dir/Drivers/STM32F1xx_HAL_Driver/Src/stm32f1xx_hal_rcc.c.obj
                0x0000000008000b9c                HAL_RCC_GetSysClockFreq
 .text.HAL_RCC_ClockConfig
                0x0000000008000c0c      0x170 CMakeFiles/led_test.elf.dir/Drivers/STM32F1xx_HAL_Driver/Src/stm32f1xx_hal_rcc.c.obj
                0x0000000008000c0c                HAL_RCC_ClockConfig
 .text.Reset_Handler
                0x0000000008000d7c       0x48 CMakeFiles/led_test.elf.dir/startup/startup_stm32f103xe.s.obj
                0x0000000008000d7c                Reset_Handler
 .text.Default_Handler
                0x0000000008000dc4        0x2 CMakeFiles/led_test.elf.dir/startup/startup_stm32f103xe.s.obj
                0x0000000008000dc4                DMA2_Channel3_IRQHandler
                0x0000000008000dc4                EXTI2_IRQHandler
                0x0000000008000dc4                TIM8_TRG_COM_IRQHandler
                0x0000000008000dc4                TIM8_CC_IRQHandler
                0x0000000008000dc4                TIM1_CC_IRQHandler
                0x0000000008000dc4                TIM6_IRQHandler
                0x0000000008000dc4                PVD_IRQHandler
                0x0000000008000dc4                SDIO_IRQHandler
                0x0000000008000dc4                EXTI3_IRQHandler
                0x0000000008000dc4                EXTI0_IRQHandler
                0x0000000008000dc4                I2C2_EV_IRQHandler
                0x0000000008000dc4                ADC1_2_IRQHandler
                0x0000000008000dc4                SPI1_IRQHandler
                0x0000000008000dc4                TAMPER_IRQHandler
                0x0000000008000dc4                TIM8_UP_IRQHandler
                0x0000000008000dc4                DMA2_Channel2_IRQHandler
                0x0000000008000dc4                DMA1_Channel4_IRQHandler
                0x0000000008000dc4                USART3_IRQHandler
                0x0000000008000dc4                RTC_IRQHandler
                0x0000000008000dc4                DMA1_Channel7_IRQHandler
                0x0000000008000dc4                CAN1_RX1_IRQHandler
                0x0000000008000dc4                UART5_IRQHandler
                0x0000000008000dc4                ADC3_IRQHandler
                0x0000000008000dc4                TIM4_IRQHandler
                0x0000000008000dc4                DMA2_Channel1_IRQHandler
                0x0000000008000dc4                I2C1_EV_IRQHandler
                0x0000000008000dc4                DMA1_Channel6_IRQHandler
                0x0000000008000dc4                UART4_IRQHandler
                0x0000000008000dc4                TIM3_IRQHandler
                0x0000000008000dc4                RCC_IRQHandler
                0x0000000008000dc4                TIM1_TRG_COM_IRQHandler
                0x0000000008000dc4                DMA1_Channel1_IRQHandler
                0x0000000008000dc4                Default_Handler
                0x0000000008000dc4                EXTI15_10_IRQHandler
                0x0000000008000dc4                TIM7_IRQHandler
                0x0000000008000dc4                TIM5_IRQHandler
                0x0000000008000dc4                EXTI9_5_IRQHandler
                0x0000000008000dc4                SPI2_IRQHandler
                0x0000000008000dc4                DMA1_Channel5_IRQHandler
                0x0000000008000dc4                EXTI4_IRQHandler
                0x0000000008000dc4                USB_LP_CAN1_RX0_IRQHandler
                0x0000000008000dc4                USB_HP_CAN1_TX_IRQHandler
                0x0000000008000dc4                DMA1_Channel3_IRQHandler
                0x0000000008000dc4                FSMC_IRQHandler
                0x0000000008000dc4                TIM1_UP_IRQHandler
                0x0000000008000dc4                WWDG_IRQHandler
                0x0000000008000dc4                TIM2_IRQHandler
                0x0000000008000dc4                TIM1_BRK_IRQHandler
                0x0000000008000dc4                EXTI1_IRQHandler
                0x0000000008000dc4                DMA2_Channel4_5_IRQHandler
                0x0000000008000dc4                USART2_IRQHandler
                0x0000000008000dc4                I2C2_ER_IRQHandler
                0x0000000008000dc4                DMA1_Channel2_IRQHandler
                0x0000000008000dc4                TIM8_BRK_IRQHandler
                0x0000000008000dc4                CAN1_SCE_IRQHandler
                0x0000000008000dc4                FLASH_IRQHandler
                0x0000000008000dc4                USART1_IRQHandler
                0x0000000008000dc4                SPI3_IRQHandler
                0x0000000008000dc4                I2C1_ER_IRQHandler
                0x0000000008000dc4                USBWakeUp_IRQHandler
                0x0000000008000dc4                RTC_Alarm_IRQHandler
 *fill*         0x0000000008000dc6        0x2 
 .text.__libc_init_array
                0x0000000008000dc8       0x50 /Users/lost_echo/Programming/stm32/gcc-arm-none-eabi-5_4-2016q3/bin/../lib/gcc/arm-none-eabi/5.4.1/../../../../arm-none-eabi/lib/armv7-m/libg.a(lib_a-init.o)
                0x0000000008000dc8                __libc_init_array
 .text.memset   0x0000000008000e18       0x9c /Users/lost_echo/Programming/stm32/gcc-arm-none-eabi-5_4-2016q3/bin/../lib/gcc/arm-none-eabi/5.4.1/../../../../arm-none-eabi/lib/armv7-m/libg.a(lib_a-memset.o)
                0x0000000008000e18                memset
 .text.startup.register_fini
                0x0000000008000eb4       0x14 /Users/lost_echo/Programming/stm32/gcc-arm-none-eabi-5_4-2016q3/bin/../lib/gcc/arm-none-eabi/5.4.1/../../../../arm-none-eabi/lib/armv7-m/libg.a(lib_a-__call_atexit.o)
 .text.atexit   0x0000000008000ec8        0xc /Users/lost_echo/Programming/stm32/gcc-arm-none-eabi-5_4-2016q3/bin/../lib/gcc/arm-none-eabi/5.4.1/../../../../arm-none-eabi/lib/armv7-m/libg.a(lib_a-atexit.o)
                0x0000000008000ec8                atexit
 .text.__libc_fini_array
                0x0000000008000ed4       0x28 /Users/lost_echo/Programming/stm32/gcc-arm-none-eabi-5_4-2016q3/bin/../lib/gcc/arm-none-eabi/5.4.1/../../../../arm-none-eabi/lib/armv7-m/libg.a(lib_a-fini.o)
                0x0000000008000ed4                __libc_fini_array
 .text.__register_exitproc
                0x0000000008000efc       0xa4 /Users/lost_echo/Programming/stm32/gcc-arm-none-eabi-5_4-2016q3/bin/../lib/gcc/arm-none-eabi/5.4.1/../../../../arm-none-eabi/lib/armv7-m/libg.a(lib_a-__atexit.o)
                0x0000000008000efc                __register_exitproc
 *(.glue_7)
 .glue_7        0x0000000008000fa0        0x0 linker stubs
 *(.glue_7t)
 .glue_7t       0x0000000008000fa0        0x0 linker stubs
 *(.eh_frame)
 .eh_frame      0x0000000008000fa0        0x0 /Users/lost_echo/Programming/stm32/gcc-arm-none-eabi-5_4-2016q3/bin/../lib/gcc/arm-none-eabi/5.4.1/armv7-m/crtbegin.o
 *(.init)
 .init          0x0000000008000fa0        0x4 /Users/lost_echo/Programming/stm32/gcc-arm-none-eabi-5_4-2016q3/bin/../lib/gcc/arm-none-eabi/5.4.1/armv7-m/crti.o
                0x0000000008000fa0                _init
 .init          0x0000000008000fa4        0x8 /Users/lost_echo/Programming/stm32/gcc-arm-none-eabi-5_4-2016q3/bin/../lib/gcc/arm-none-eabi/5.4.1/armv7-m/crtn.o
 *(.fini)
 .fini          0x0000000008000fac        0x4 /Users/lost_echo/Programming/stm32/gcc-arm-none-eabi-5_4-2016q3/bin/../lib/gcc/arm-none-eabi/5.4.1/armv7-m/crti.o
                0x0000000008000fac                _fini
 .fini          0x0000000008000fb0        0x8 /Users/lost_echo/Programming/stm32/gcc-arm-none-eabi-5_4-2016q3/bin/../lib/gcc/arm-none-eabi/5.4.1/armv7-m/crtn.o
                0x0000000008000fb8                . = ALIGN (0x4)
                0x0000000008000fb8                _etext = .

.vfp11_veneer   0x0000000008000fb8        0x0
 .vfp11_veneer  0x0000000008000fb8        0x0 linker stubs

.v4_bx          0x0000000008000fb8        0x0
 .v4_bx         0x0000000008000fb8        0x0 linker stubs

.iplt           0x0000000008000fb8        0x0
 .iplt          0x0000000008000fb8        0x0 /Users/lost_echo/Programming/stm32/gcc-arm-none-eabi-5_4-2016q3/bin/../lib/gcc/arm-none-eabi/5.4.1/armv7-m/crtbegin.o

.rodata         0x0000000008000fb8       0x28
                0x0000000008000fb8                . = ALIGN (0x4)
 *(.rodata)
 .rodata        0x0000000008000fb8       0x12 CMakeFiles/led_test.elf.dir/Drivers/STM32F1xx_HAL_Driver/Src/stm32f1xx_hal_rcc.c.obj
 *(.rodata*)
 *fill*         0x0000000008000fca        0x2 
 .rodata.AHBPrescTable
                0x0000000008000fcc       0x10 CMakeFiles/led_test.elf.dir/Core/Src/system_stm32f1xx.c.obj
                0x0000000008000fcc                AHBPrescTable
 .rodata._global_impure_ptr
                0x0000000008000fdc        0x4 /Users/lost_echo/Programming/stm32/gcc-arm-none-eabi-5_4-2016q3/bin/../lib/gcc/arm-none-eabi/5.4.1/../../../../arm-none-eabi/lib/armv7-m/libg.a(lib_a-impure.o)
                0x0000000008000fdc                _global_impure_ptr
                0x0000000008000fe0                . = ALIGN (0x4)

.rel.dyn        0x0000000008000fe0        0x0
 .rel.iplt      0x0000000008000fe0        0x0 /Users/lost_echo/Programming/stm32/gcc-arm-none-eabi-5_4-2016q3/bin/../lib/gcc/arm-none-eabi/5.4.1/armv7-m/crtbegin.o

.ARM.extab
 *(.ARM.extab* .gnu.linkonce.armextab.*)

.ARM            0x0000000008000fe0        0x0
                0x0000000008000fe0                __exidx_start = .
 *(.ARM.exidx*)
                0x0000000008000fe0                __exidx_end = .

.preinit_array  0x0000000008000fe0        0x0
                0x0000000008000fe0                PROVIDE (__preinit_array_start, .)
 *(.preinit_array*)
                0x0000000008000fe0                PROVIDE (__preinit_array_end, .)

.init_array     0x0000000008000fe0        0x8
                0x0000000008000fe0                PROVIDE (__init_array_start, .)
 *(SORT(.init_array.*))
 .init_array.00000
                0x0000000008000fe0        0x4 /Users/lost_echo/Programming/stm32/gcc-arm-none-eabi-5_4-2016q3/bin/../lib/gcc/arm-none-eabi/5.4.1/../../../../arm-none-eabi/lib/armv7-m/libg.a(lib_a-__call_atexit.o)
 *(.init_array*)
 .init_array    0x0000000008000fe4        0x4 /Users/lost_echo/Programming/stm32/gcc-arm-none-eabi-5_4-2016q3/bin/../lib/gcc/arm-none-eabi/5.4.1/armv7-m/crtbegin.o
                0x0000000008000fe8                PROVIDE (__init_array_end, .)

.fini_array     0x0000000008000fe8        0x4
                0x0000000008000fe8                PROVIDE (__fini_array_start, .)
 *(SORT(.fini_array.*))
 *(.fini_array*)
 .fini_array    0x0000000008000fe8        0x4 /Users/lost_echo/Programming/stm32/gcc-arm-none-eabi-5_4-2016q3/bin/../lib/gcc/arm-none-eabi/5.4.1/armv7-m/crtbegin.o
                0x0000000008000fec                PROVIDE (__fini_array_end, .)
                0x0000000008000fec                _sidata = LOADADDR (.data)

.data           0x0000000020000000      0x438 load address 0x0000000008000fec
                0x0000000020000000                . = ALIGN (0x4)
                0x0000000020000000                _sdata = .
 *(.data)
 *(.data*)
 .data.SystemCoreClock
                0x0000000020000000        0x4 CMakeFiles/led_test.elf.dir/Core/Src/system_stm32f1xx.c.obj
                0x0000000020000000                SystemCoreClock
 .data.uwTickPrio
                0x0000000020000004        0x4 CMakeFiles/led_test.elf.dir/Drivers/STM32F1xx_HAL_Driver/Src/stm32f1xx_hal.c.obj
                0x0000000020000004                uwTickPrio
 .data.uwTickFreq
                0x0000000020000008        0x1 CMakeFiles/led_test.elf.dir/Drivers/STM32F1xx_HAL_Driver/Src/stm32f1xx_hal.c.obj
                0x0000000020000008                uwTickFreq
 *fill*         0x0000000020000009        0x7 
 .data.impure_data
                0x0000000020000010      0x428 /Users/lost_echo/Programming/stm32/gcc-arm-none-eabi-5_4-2016q3/bin/../lib/gcc/arm-none-eabi/5.4.1/../../../../arm-none-eabi/lib/armv7-m/libg.a(lib_a-impure.o)
                0x0000000020000438                . = ALIGN (0x4)
                0x0000000020000438                _edata = .

.jcr            0x0000000020000438        0x0 load address 0x0000000008001424
 .jcr           0x0000000020000438        0x0 /Users/lost_echo/Programming/stm32/gcc-arm-none-eabi-5_4-2016q3/bin/../lib/gcc/arm-none-eabi/5.4.1/armv7-m/crtbegin.o

.igot.plt       0x0000000020000438        0x0 load address 0x0000000008001424
 .igot.plt      0x0000000020000438        0x0 /Users/lost_echo/Programming/stm32/gcc-arm-none-eabi-5_4-2016q3/bin/../lib/gcc/arm-none-eabi/5.4.1/armv7-m/crtbegin.o
                0x0000000020000438                . = ALIGN (0x4)

.bss            0x0000000020000438       0x20 load address 0x0000000008001424
                0x0000000020000438                _sbss = .
                0x0000000020000438                __bss_start__ = _sbss
 *(.bss)
 .bss           0x0000000020000438       0x1c /Users/lost_echo/Programming/stm32/gcc-arm-none-eabi-5_4-2016q3/bin/../lib/gcc/arm-none-eabi/5.4.1/armv7-m/crtbegin.o
 *(.bss*)
 .bss.uwTick    0x0000000020000454        0x4 CMakeFiles/led_test.elf.dir/Drivers/STM32F1xx_HAL_Driver/Src/stm32f1xx_hal.c.obj
                0x0000000020000454                uwTick
 *(COMMON)
                0x0000000020000458                . = ALIGN (0x4)
                0x0000000020000458                _ebss = .
                0x0000000020000458                __bss_end__ = _ebss

._user_heap_stack
                0x0000000020000458      0x600 load address 0x0000000008001424
                0x0000000020000458                . = ALIGN (0x8)
                0x0000000020000458                PROVIDE (end, .)
                [!provide]                        PROVIDE (_end, .)
                0x0000000020000658                . = (. + _Min_Heap_Size)
 *fill*         0x0000000020000458      0x200 
                0x0000000020000a58                . = (. + _Min_Stack_Size)
 *fill*         0x0000000020000658      0x400 
                0x0000000020000a58                . = ALIGN (0x8)

/DISCARD/
 libc.a(*)
 libm.a(*)
 libgcc.a(*)

.ARM.attributes
                0x0000000000000000       0x29
 *(.ARM.attributes)
 .ARM.attributes
                0x0000000000000000       0x1d /Users/lost_echo/Programming/stm32/gcc-arm-none-eabi-5_4-2016q3/bin/../lib/gcc/arm-none-eabi/5.4.1/armv7-m/crti.o
 .ARM.attributes
                0x000000000000001d       0x2d /Users/lost_echo/Programming/stm32/gcc-arm-none-eabi-5_4-2016q3/bin/../lib/gcc/arm-none-eabi/5.4.1/armv7-m/crtbegin.o
 .ARM.attributes
                0x000000000000004a       0x33 CMakeFiles/led_test.elf.dir/Core/Src/main.c.obj
 .ARM.attributes
                0x000000000000007d       0x33 CMakeFiles/led_test.elf.dir/Core/Src/stm32f1xx_hal_msp.c.obj
 .ARM.attributes
                0x00000000000000b0       0x33 CMakeFiles/led_test.elf.dir/Core/Src/stm32f1xx_it.c.obj
 .ARM.attributes
                0x00000000000000e3       0x33 CMakeFiles/led_test.elf.dir/Core/Src/system_stm32f1xx.c.obj
 .ARM.attributes
                0x0000000000000116       0x33 CMakeFiles/led_test.elf.dir/Drivers/STM32F1xx_HAL_Driver/Src/stm32f1xx_hal.c.obj
 .ARM.attributes
                0x0000000000000149       0x33 CMakeFiles/led_test.elf.dir/Drivers/STM32F1xx_HAL_Driver/Src/stm32f1xx_hal_cortex.c.obj
 .ARM.attributes
                0x000000000000017c       0x33 CMakeFiles/led_test.elf.dir/Drivers/STM32F1xx_HAL_Driver/Src/stm32f1xx_hal_gpio.c.obj
 .ARM.attributes
                0x00000000000001af       0x33 CMakeFiles/led_test.elf.dir/Drivers/STM32F1xx_HAL_Driver/Src/stm32f1xx_hal_rcc.c.obj
 .ARM.attributes
                0x00000000000001e2       0x21 CMakeFiles/led_test.elf.dir/startup/startup_stm32f103xe.s.obj
 .ARM.attributes
                0x0000000000000203       0x2d /Users/lost_echo/Programming/stm32/gcc-arm-none-eabi-5_4-2016q3/bin/../lib/gcc/arm-none-eabi/5.4.1/../../../../arm-none-eabi/lib/armv7-m/libg.a(lib_a-impure.o)
 .ARM.attributes
                0x0000000000000230       0x2d /Users/lost_echo/Programming/stm32/gcc-arm-none-eabi-5_4-2016q3/bin/../lib/gcc/arm-none-eabi/5.4.1/../../../../arm-none-eabi/lib/armv7-m/libg.a(lib_a-init.o)
 .ARM.attributes
                0x000000000000025d       0x2d /Users/lost_echo/Programming/stm32/gcc-arm-none-eabi-5_4-2016q3/bin/../lib/gcc/arm-none-eabi/5.4.1/../../../../arm-none-eabi/lib/armv7-m/libg.a(lib_a-memset.o)
 .ARM.attributes
                0x000000000000028a       0x2d /Users/lost_echo/Programming/stm32/gcc-arm-none-eabi-5_4-2016q3/bin/../lib/gcc/arm-none-eabi/5.4.1/../../../../arm-none-eabi/lib/armv7-m/libg.a(lib_a-__call_atexit.o)
 .ARM.attributes
                0x00000000000002b7       0x2d /Users/lost_echo/Programming/stm32/gcc-arm-none-eabi-5_4-2016q3/bin/../lib/gcc/arm-none-eabi/5.4.1/../../../../arm-none-eabi/lib/armv7-m/libg.a(lib_a-atexit.o)
 .ARM.attributes
                0x00000000000002e4       0x2d /Users/lost_echo/Programming/stm32/gcc-arm-none-eabi-5_4-2016q3/bin/../lib/gcc/arm-none-eabi/5.4.1/../../../../arm-none-eabi/lib/armv7-m/libg.a(lib_a-fini.o)
 .ARM.attributes
                0x0000000000000311       0x2d /Users/lost_echo/Programming/stm32/gcc-arm-none-eabi-5_4-2016q3/bin/../lib/gcc/arm-none-eabi/5.4.1/../../../../arm-none-eabi/lib/armv7-m/libg.a(lib_a-__atexit.o)
 .ARM.attributes
                0x000000000000033e       0x1d /Users/lost_echo/Programming/stm32/gcc-arm-none-eabi-5_4-2016q3/bin/../lib/gcc/arm-none-eabi/5.4.1/armv7-m/crtn.o
OUTPUT(led_test.elf elf32-littlearm)

.debug_info     0x0000000000000000     0x2fd3
 .debug_info    0x0000000000000000      0x5ad CMakeFiles/led_test.elf.dir/Core/Src/main.c.obj
 .debug_info    0x00000000000005ad      0x220 CMakeFiles/led_test.elf.dir/Core/Src/stm32f1xx_hal_msp.c.obj
 .debug_info    0x00000000000007cd      0x150 CMakeFiles/led_test.elf.dir/Core/Src/stm32f1xx_it.c.obj
 .debug_info    0x000000000000091d      0x234 CMakeFiles/led_test.elf.dir/Core/Src/system_stm32f1xx.c.obj
 .debug_info    0x0000000000000b51      0x7b2 CMakeFiles/led_test.elf.dir/Drivers/STM32F1xx_HAL_Driver/Src/stm32f1xx_hal.c.obj
 .debug_info    0x0000000000001303      0xc95 CMakeFiles/led_test.elf.dir/Drivers/STM32F1xx_HAL_Driver/Src/stm32f1xx_hal_cortex.c.obj
 .debug_info    0x0000000000001f98      0x5ee CMakeFiles/led_test.elf.dir/Drivers/STM32F1xx_HAL_Driver/Src/stm32f1xx_hal_gpio.c.obj
 .debug_info    0x0000000000002586      0x9a9 CMakeFiles/led_test.elf.dir/Drivers/STM32F1xx_HAL_Driver/Src/stm32f1xx_hal_rcc.c.obj
 .debug_info    0x0000000000002f2f       0xa4 CMakeFiles/led_test.elf.dir/startup/startup_stm32f103xe.s.obj

.debug_abbrev   0x0000000000000000      0xd43
 .debug_abbrev  0x0000000000000000      0x1cc CMakeFiles/led_test.elf.dir/Core/Src/main.c.obj
 .debug_abbrev  0x00000000000001cc       0xd4 CMakeFiles/led_test.elf.dir/Core/Src/stm32f1xx_hal_msp.c.obj
 .debug_abbrev  0x00000000000002a0       0xb6 CMakeFiles/led_test.elf.dir/Core/Src/stm32f1xx_it.c.obj
 .debug_abbrev  0x0000000000000356      0x120 CMakeFiles/led_test.elf.dir/Core/Src/system_stm32f1xx.c.obj
 .debug_abbrev  0x0000000000000476      0x1d8 CMakeFiles/led_test.elf.dir/Drivers/STM32F1xx_HAL_Driver/Src/stm32f1xx_hal.c.obj
 .debug_abbrev  0x000000000000064e      0x2d4 CMakeFiles/led_test.elf.dir/Drivers/STM32F1xx_HAL_Driver/Src/stm32f1xx_hal_cortex.c.obj
 .debug_abbrev  0x0000000000000922      0x1bf CMakeFiles/led_test.elf.dir/Drivers/STM32F1xx_HAL_Driver/Src/stm32f1xx_hal_gpio.c.obj
 .debug_abbrev  0x0000000000000ae1      0x250 CMakeFiles/led_test.elf.dir/Drivers/STM32F1xx_HAL_Driver/Src/stm32f1xx_hal_rcc.c.obj
 .debug_abbrev  0x0000000000000d31       0x12 CMakeFiles/led_test.elf.dir/startup/startup_stm32f103xe.s.obj

.debug_aranges  0x0000000000000000      0x360
 .debug_aranges
                0x0000000000000000       0x38 CMakeFiles/led_test.elf.dir/Core/Src/main.c.obj
 .debug_aranges
                0x0000000000000038       0x20 CMakeFiles/led_test.elf.dir/Core/Src/stm32f1xx_hal_msp.c.obj
 .debug_aranges
                0x0000000000000058       0x60 CMakeFiles/led_test.elf.dir/Core/Src/stm32f1xx_it.c.obj
 .debug_aranges
                0x00000000000000b8       0x28 CMakeFiles/led_test.elf.dir/Core/Src/system_stm32f1xx.c.obj
 .debug_aranges
                0x00000000000000e0       0xe0 CMakeFiles/led_test.elf.dir/Drivers/STM32F1xx_HAL_Driver/Src/stm32f1xx_hal.c.obj
 .debug_aranges
                0x00000000000001c0       0x90 CMakeFiles/led_test.elf.dir/Drivers/STM32F1xx_HAL_Driver/Src/stm32f1xx_hal_cortex.c.obj
 .debug_aranges
                0x0000000000000250       0x58 CMakeFiles/led_test.elf.dir/Drivers/STM32F1xx_HAL_Driver/Src/stm32f1xx_hal_gpio.c.obj
 .debug_aranges
                0x00000000000002a8       0x90 CMakeFiles/led_test.elf.dir/Drivers/STM32F1xx_HAL_Driver/Src/stm32f1xx_hal_rcc.c.obj
 .debug_aranges
                0x0000000000000338       0x28 CMakeFiles/led_test.elf.dir/startup/startup_stm32f103xe.s.obj

.debug_ranges   0x0000000000000000      0x2f0
 .debug_ranges  0x0000000000000000       0x28 CMakeFiles/led_test.elf.dir/Core/Src/main.c.obj
 .debug_ranges  0x0000000000000028       0x10 CMakeFiles/led_test.elf.dir/Core/Src/stm32f1xx_hal_msp.c.obj
 .debug_ranges  0x0000000000000038       0x50 CMakeFiles/led_test.elf.dir/Core/Src/stm32f1xx_it.c.obj
 .debug_ranges  0x0000000000000088       0x18 CMakeFiles/led_test.elf.dir/Core/Src/system_stm32f1xx.c.obj
 .debug_ranges  0x00000000000000a0       0xd0 CMakeFiles/led_test.elf.dir/Drivers/STM32F1xx_HAL_Driver/Src/stm32f1xx_hal.c.obj
 .debug_ranges  0x0000000000000170       0x80 CMakeFiles/led_test.elf.dir/Drivers/STM32F1xx_HAL_Driver/Src/stm32f1xx_hal_cortex.c.obj
 .debug_ranges  0x00000000000001f0       0x48 CMakeFiles/led_test.elf.dir/Drivers/STM32F1xx_HAL_Driver/Src/stm32f1xx_hal_gpio.c.obj
 .debug_ranges  0x0000000000000238       0x98 CMakeFiles/led_test.elf.dir/Drivers/STM32F1xx_HAL_Driver/Src/stm32f1xx_hal_rcc.c.obj
 .debug_ranges  0x00000000000002d0       0x20 CMakeFiles/led_test.elf.dir/startup/startup_stm32f103xe.s.obj

.debug_line     0x0000000000000000     0x1c89
 .debug_line    0x0000000000000000      0x326 CMakeFiles/led_test.elf.dir/Core/Src/main.c.obj
 .debug_line    0x0000000000000326      0x201 CMakeFiles/led_test.elf.dir/Core/Src/stm32f1xx_hal_msp.c.obj
 .debug_line    0x0000000000000527      0x273 CMakeFiles/led_test.elf.dir/Core/Src/stm32f1xx_it.c.obj
 .debug_line    0x000000000000079a      0x232 CMakeFiles/led_test.elf.dir/Core/Src/system_stm32f1xx.c.obj
 .debug_line    0x00000000000009cc      0x477 CMakeFiles/led_test.elf.dir/Drivers/STM32F1xx_HAL_Driver/Src/stm32f1xx_hal.c.obj
 .debug_line    0x0000000000000e43      0x3c4 CMakeFiles/led_test.elf.dir/Drivers/STM32F1xx_HAL_Driver/Src/stm32f1xx_hal_cortex.c.obj
 .debug_line    0x0000000000001207      0x403 CMakeFiles/led_test.elf.dir/Drivers/STM32F1xx_HAL_Driver/Src/stm32f1xx_hal_gpio.c.obj
 .debug_line    0x000000000000160a      0x5dd CMakeFiles/led_test.elf.dir/Drivers/STM32F1xx_HAL_Driver/Src/stm32f1xx_hal_rcc.c.obj
 .debug_line    0x0000000000001be7       0xa2 CMakeFiles/led_test.elf.dir/startup/startup_stm32f103xe.s.obj

.debug_str      0x0000000000000000     0x1458
 .debug_str     0x0000000000000000      0x411 CMakeFiles/led_test.elf.dir/Core/Src/main.c.obj
                                        0x464 (size before relaxing)
 .debug_str     0x0000000000000411       0x7f CMakeFiles/led_test.elf.dir/Core/Src/stm32f1xx_hal_msp.c.obj
                                        0x25c (size before relaxing)
 .debug_str     0x0000000000000490       0xdc CMakeFiles/led_test.elf.dir/Core/Src/stm32f1xx_it.c.obj
                                        0x25f (size before relaxing)
 .debug_str     0x000000000000056c       0xad CMakeFiles/led_test.elf.dir/Core/Src/system_stm32f1xx.c.obj
                                        0x291 (size before relaxing)
 .debug_str     0x0000000000000619      0x6f7 CMakeFiles/led_test.elf.dir/Drivers/STM32F1xx_HAL_Driver/Src/stm32f1xx_hal.c.obj
                                        0x945 (size before relaxing)
 .debug_str     0x0000000000000d10      0x3e0 CMakeFiles/led_test.elf.dir/Drivers/STM32F1xx_HAL_Driver/Src/stm32f1xx_hal_cortex.c.obj
                                        0x9e2 (size before relaxing)
 .debug_str     0x00000000000010f0      0x14f CMakeFiles/led_test.elf.dir/Drivers/STM32F1xx_HAL_Driver/Src/stm32f1xx_hal_gpio.c.obj
                                        0x43d (size before relaxing)
 .debug_str     0x000000000000123f      0x219 CMakeFiles/led_test.elf.dir/Drivers/STM32F1xx_HAL_Driver/Src/stm32f1xx_hal_rcc.c.obj
                                        0x668 (size before relaxing)

.comment        0x0000000000000000       0x6e
 .comment       0x0000000000000000       0x6e CMakeFiles/led_test.elf.dir/Core/Src/main.c.obj
                                         0x6f (size before relaxing)
 .comment       0x000000000000006e       0x6f CMakeFiles/led_test.elf.dir/Core/Src/stm32f1xx_hal_msp.c.obj
 .comment       0x000000000000006e       0x6f CMakeFiles/led_test.elf.dir/Core/Src/stm32f1xx_it.c.obj
 .comment       0x000000000000006e       0x6f CMakeFiles/led_test.elf.dir/Core/Src/system_stm32f1xx.c.obj
 .comment       0x000000000000006e       0x6f CMakeFiles/led_test.elf.dir/Drivers/STM32F1xx_HAL_Driver/Src/stm32f1xx_hal.c.obj
 .comment       0x000000000000006e       0x6f CMakeFiles/led_test.elf.dir/Drivers/STM32F1xx_HAL_Driver/Src/stm32f1xx_hal_cortex.c.obj
 .comment       0x000000000000006e       0x6f CMakeFiles/led_test.elf.dir/Drivers/STM32F1xx_HAL_Driver/Src/stm32f1xx_hal_gpio.c.obj
 .comment       0x000000000000006e       0x6f CMakeFiles/led_test.elf.dir/Drivers/STM32F1xx_HAL_Driver/Src/stm32f1xx_hal_rcc.c.obj

.debug_frame    0x0000000000000000      0x7f8
 .debug_frame   0x0000000000000000       0x74 CMakeFiles/led_test.elf.dir/Core/Src/main.c.obj
 .debug_frame   0x0000000000000074       0x28 CMakeFiles/led_test.elf.dir/Core/Src/stm32f1xx_hal_msp.c.obj
 .debug_frame   0x000000000000009c       0xa8 CMakeFiles/led_test.elf.dir/Core/Src/stm32f1xx_it.c.obj
 .debug_frame   0x0000000000000144       0x30 CMakeFiles/led_test.elf.dir/Core/Src/system_stm32f1xx.c.obj
 .debug_frame   0x0000000000000174      0x1cc CMakeFiles/led_test.elf.dir/Drivers/STM32F1xx_HAL_Driver/Src/stm32f1xx_hal.c.obj
 .debug_frame   0x0000000000000340      0x124 CMakeFiles/led_test.elf.dir/Drivers/STM32F1xx_HAL_Driver/Src/stm32f1xx_hal_cortex.c.obj
 .debug_frame   0x0000000000000464       0xc4 CMakeFiles/led_test.elf.dir/Drivers/STM32F1xx_HAL_Driver/Src/stm32f1xx_hal_gpio.c.obj
 .debug_frame   0x0000000000000528      0x198 CMakeFiles/led_test.elf.dir/Drivers/STM32F1xx_HAL_Driver/Src/stm32f1xx_hal_rcc.c.obj
 .debug_frame   0x00000000000006c0       0x2c /Users/lost_echo/Programming/stm32/gcc-arm-none-eabi-5_4-2016q3/bin/../lib/gcc/arm-none-eabi/5.4.1/../../../../arm-none-eabi/lib/armv7-m/libg.a(lib_a-init.o)
 .debug_frame   0x00000000000006ec       0x34 /Users/lost_echo/Programming/stm32/gcc-arm-none-eabi-5_4-2016q3/bin/../lib/gcc/arm-none-eabi/5.4.1/../../../../arm-none-eabi/lib/armv7-m/libg.a(lib_a-memset.o)
 .debug_frame   0x0000000000000720       0x50 /Users/lost_echo/Programming/stm32/gcc-arm-none-eabi-5_4-2016q3/bin/../lib/gcc/arm-none-eabi/5.4.1/../../../../arm-none-eabi/lib/armv7-m/libg.a(lib_a-__call_atexit.o)
 .debug_frame   0x0000000000000770       0x20 /Users/lost_echo/Programming/stm32/gcc-arm-none-eabi-5_4-2016q3/bin/../lib/gcc/arm-none-eabi/5.4.1/../../../../arm-none-eabi/lib/armv7-m/libg.a(lib_a-atexit.o)
 .debug_frame   0x0000000000000790       0x34 /Users/lost_echo/Programming/stm32/gcc-arm-none-eabi-5_4-2016q3/bin/../lib/gcc/arm-none-eabi/5.4.1/../../../../arm-none-eabi/lib/armv7-m/libg.a(lib_a-fini.o)
 .debug_frame   0x00000000000007c4       0x34 /Users/lost_echo/Programming/stm32/gcc-arm-none-eabi-5_4-2016q3/bin/../lib/gcc/arm-none-eabi/5.4.1/../../../../arm-none-eabi/lib/armv7-m/libg.a(lib_a-__atexit.o)

.debug_loc      0x0000000000000000      0xf5a
 .debug_loc     0x0000000000000000       0xdf CMakeFiles/led_test.elf.dir/Core/Src/system_stm32f1xx.c.obj
 .debug_loc     0x00000000000000df      0x11b CMakeFiles/led_test.elf.dir/Drivers/STM32F1xx_HAL_Driver/Src/stm32f1xx_hal.c.obj
 .debug_loc     0x00000000000001fa      0x527 CMakeFiles/led_test.elf.dir/Drivers/STM32F1xx_HAL_Driver/Src/stm32f1xx_hal_cortex.c.obj
 .debug_loc     0x0000000000000721      0x2f7 CMakeFiles/led_test.elf.dir/Drivers/STM32F1xx_HAL_Driver/Src/stm32f1xx_hal_gpio.c.obj
 .debug_loc     0x0000000000000a18      0x542 CMakeFiles/led_test.elf.dir/Drivers/STM32F1xx_HAL_Driver/Src/stm32f1xx_hal_rcc.c.obj
